Component: ARM Compiler 5.05 update 1 (build 106) Tool: armlink [4d0efa]

==============================================================================

Section Cross References

    startup_stm32f407xx.o(RESET) refers to startup_stm32f407xx.o(STACK) for __initial_sp
    startup_stm32f407xx.o(RESET) refers to startup_stm32f407xx.o(.text) for Reset_Handler
    startup_stm32f407xx.o(RESET) refers to stm32f4xx_it.o(i.NMI_Handler) for NMI_Handler
    startup_stm32f407xx.o(RESET) refers to stm32f4xx_it.o(i.HardFault_Handler) for HardFault_Handler
    startup_stm32f407xx.o(RESET) refers to stm32f4xx_it.o(i.MemManage_Handler) for MemManage_Handler
    startup_stm32f407xx.o(RESET) refers to stm32f4xx_it.o(i.BusFault_Handler) for BusFault_Handler
    startup_stm32f407xx.o(RESET) refers to stm32f4xx_it.o(i.UsageFault_Handler) for UsageFault_Handler
    startup_stm32f407xx.o(RESET) refers to stm32f4xx_it.o(i.SVC_Handler) for SVC_Handler
    startup_stm32f407xx.o(RESET) refers to stm32f4xx_it.o(i.DebugMon_Handler) for DebugMon_Handler
    startup_stm32f407xx.o(RESET) refers to stm32f4xx_it.o(i.PendSV_Handler) for PendSV_Handler
    startup_stm32f407xx.o(RESET) refers to stm32f4xx_it.o(i.SysTick_Handler) for SysTick_Handler
    startup_stm32f407xx.o(RESET) refers to stm32f4xx_it.o(i.EXTI4_IRQHandler) for EXTI4_IRQHandler
    startup_stm32f407xx.o(RESET) refers to stm32f4xx_it.o(i.TIM1_UP_TIM10_IRQHandler) for TIM1_UP_TIM10_IRQHandler
    startup_stm32f407xx.o(RESET) refers to stm32f4xx_it.o(i.TIM1_TRG_COM_TIM11_IRQHandler) for TIM1_TRG_COM_TIM11_IRQHandler
    startup_stm32f407xx.o(RESET) refers to stm32f4xx_it.o(i.TIM3_IRQHandler) for TIM3_IRQHandler
    startup_stm32f407xx.o(RESET) refers to stm32f4xx_it.o(i.DMA2_Stream2_IRQHandler) for DMA2_Stream2_IRQHandler
    startup_stm32f407xx.o(RESET) refers to stm32f4xx_it.o(i.DMA2_Stream7_IRQHandler) for DMA2_Stream7_IRQHandler
    startup_stm32f407xx.o(.text) refers to system_stm32f4xx.o(i.SystemInit) for SystemInit
    startup_stm32f407xx.o(.text) refers to entry.o(.ARM.Collect$$$$00000000) for __main
    color.o(i.Getcolor) refers to color.o(i.scan_color) for scan_color
    color.o(i.Getcolor) refers to color.o(.data) for .data
    color.o(i.HAL_TIM_IC_CaptureCallback) refers to stm32f4xx_hal_tim.o(i.HAL_TIM_IC_Stop_IT) for HAL_TIM_IC_Stop_IT
    color.o(i.HAL_TIM_IC_CaptureCallback) refers to tim.o(.bss) for htim3
    color.o(i.HAL_TIM_IC_CaptureCallback) refers to color.o(.data) for .data
    color.o(i.scan_1color) refers to stm32f4xx_hal_gpio.o(i.HAL_GPIO_WritePin) for HAL_GPIO_WritePin
    color.o(i.scan_1color) refers to delay.o(i.delay_ms) for delay_ms
    color.o(i.scan_1color) refers to stm32f4xx_hal_tim.o(i.HAL_TIM_IC_Start_IT) for HAL_TIM_IC_Start_IT
    color.o(i.scan_1color) refers to color.o(.data) for .data
    color.o(i.scan_1color) refers to tim.o(.bss) for htim3
    color.o(i.scan_1piece) refers to color.o(i.scan_1color) for scan_1color
    color.o(i.scan_1piece) refers to printf6.o(i.__0printf$6) for __2printf
    color.o(i.scan_1side) refers to stm32f4xx_hal_gpio.o(i.HAL_GPIO_WritePin) for HAL_GPIO_WritePin
    color.o(i.scan_1side) refers to move.o(i.Sensor_Servo) for Sensor_Servo
    color.o(i.scan_1side) refers to delay.o(i.delay_ms) for delay_ms
    color.o(i.scan_1side) refers to color.o(i.scan_1piece) for scan_1piece
    color.o(i.scan_1side) refers to move.o(i.Step) for Step
    color.o(i.scan_1side) refers to printf6.o(i.__0printf$6) for __2printf
    color.o(i.scan_1side) refers to display.o(i.display_1side) for display_1side
    color.o(i.scan_color) refers to color.o(i.scan_1side) for scan_1side
    color.o(i.scan_color) refers to move.o(i.Roll) for Roll
    color.o(i.scan_color) refers to move.o(i.Move) for Move
    color.o(i.scan_color) refers to delay.o(i.delay_ms) for delay_ms
    color.o(i.scan_color) refers to color.o(.data) for .data
    delay.o(i.delay_ms) refers to delay.o(i.delay_us) for delay_us
    solver.o(i.cycle) refers to solver.o(.data) for .data
    solver.o(i.domove) refers to solver.o(i.cycle) for cycle
    solver.o(i.domove) refers to solver.o(i.twist) for twist
    solver.o(i.domove) refers to solver.o(.data) for .data
    solver.o(i.domove) refers to solver.o(.bss) for .bss
    solver.o(i.filltable) refers to malloc.o(i.malloc) for malloc
    solver.o(i.filltable) refers to memseta.o(.text) for __aeabi_memclr
    solver.o(i.filltable) refers to solver.o(i.reset) for reset
    solver.o(i.filltable) refers to solver.o(i.getposition) for getposition
    solver.o(i.filltable) refers to solver.o(i.setposition) for setposition
    solver.o(i.filltable) refers to solver.o(i.domove) for domove
    solver.o(i.filltable) refers to solver.o(.data) for .data
    solver.o(i.filltable) refers to solver.o(.bss) for .bss
    solver.o(i.getposition) refers to solver.o(i.permtonum) for permtonum
    solver.o(i.getposition) refers to solver.o(.bss) for .bss
    solver.o(i.reset) refers to solver.o(.bss) for .bss
[...]
    ..\Drivers\STM32F4xx_HAL_Driver\Src\stm32f4xx_hal_exti.c 0x00000000   Number         0  stm32f4xx_hal_exti.o ABSOLUTE
    ..\Drivers\STM32F4xx_HAL_Driver\Src\stm32f4xx_hal_flash.c 0x00000000   Number         0  stm32f4xx_hal_flash.o ABSOLUTE
    ..\Drivers\STM32F4xx_HAL_Driver\Src\stm32f4xx_hal_flash_ex.c 0x00000000   Number         0  stm32f4xx_hal_flash_ex.o ABSOLUTE
    ..\Drivers\STM32F4xx_HAL_Driver\Src\stm32f4xx_hal_flash_ramfunc.c 0x00000000   Number         0  stm32f4xx_hal_flash_ramfunc.o ABSOLUTE
    ..\Drivers\STM32F4xx_HAL_Driver\Src\stm32f4xx_hal_gpio.c 0x00000000   Number         0  stm32f4xx_hal_gpio.o ABSOLUTE
    ..\Drivers\STM32F4xx_HAL_Driver\Src\stm32f4xx_hal_i2c.c 0x00000000   Number         0  stm32f4xx_hal_i2c.o ABSOLUTE
    ..\Drivers\STM32F4xx_HAL_Driver\Src\stm32f4xx_hal_i2c_ex.c 0x00000000   Number         0  stm32f4xx_hal_i2c_ex.o ABSOLUTE
    ..\Drivers\STM32F4xx_HAL_Driver\Src\stm32f4xx_hal_pwr.c 0x00000000   Number         0  stm32f4xx_hal_pwr.o ABSOLUTE
    ..\Drivers\STM32F4xx_HAL_Driver\Src\stm32f4xx_hal_pwr_ex.c 0x00000000   Number         0  stm32f4xx_hal_pwr_ex.o ABSOLUTE
    ..\Drivers\STM32F4xx_HAL_Driver\Src\stm32f4xx_hal_rcc.c 0x00000000   Number         0  stm32f4xx_hal_rcc.o ABSOLUTE
    ..\Drivers\STM32F4xx_HAL_Driver\Src\stm32f4xx_hal_rcc_ex.c 0x00000000   Number         0  stm32f4xx_hal_rcc_ex.o ABSOLUTE
    ..\Drivers\STM32F4xx_HAL_Driver\Src\stm32f4xx_hal_sram.c 0x00000000   Number         0  stm32f4xx_hal_sram.o ABSOLUTE
    ..\Drivers\STM32F4xx_HAL_Driver\Src\stm32f4xx_hal_tim.c 0x00000000   Number         0  stm32f4xx_hal_tim.o ABSOLUTE
    ..\Drivers\STM32F4xx_HAL_Driver\Src\stm32f4xx_hal_tim_ex.c 0x00000000   Number         0  stm32f4xx_hal_tim_ex.o ABSOLUTE
    ..\Drivers\STM32F4xx_HAL_Driver\Src\stm32f4xx_hal_uart.c 0x00000000   Number         0  stm32f4xx_hal_uart.o ABSOLUTE
    ..\Drivers\STM32F4xx_HAL_Driver\Src\stm32f4xx_ll_fsmc.c 0x00000000   Number         0  stm32f4xx_ll_fsmc.o ABSOLUTE
    ..\Src\color\color.c                     0x00000000   Number         0  color.o ABSOLUTE
    ..\Src\delay\delay.c                     0x00000000   Number         0  delay.o ABSOLUTE
    ..\Src\display\display.c                 0x00000000   Number         0  display.o ABSOLUTE
    ..\Src\dma.c                             0x00000000   Number         0  dma.o ABSOLUTE
    ..\Src\fsmc.c                            0x00000000   Number         0  fsmc.o ABSOLUTE
    ..\Src\gpio.c                            0x00000000   Number         0  gpio.o ABSOLUTE
    ..\Src\i2c.c                             0x00000000   Number         0  i2c.o ABSOLUTE
    ..\Src\jaap\solver.c                     0x00000000   Number         0  solver.o ABSOLUTE
    ..\Src\lcd\lcd.c                         0x00000000   Number         0  lcd.o ABSOLUTE
    ..\Src\main.c                            0x00000000   Number         0  main.o ABSOLUTE
    ..\Src\move\move.c                       0x00000000   Number         0  move.o ABSOLUTE
    ..\Src\printf\myprintf.c                 0x00000000   Number         0  myprintf.o ABSOLUTE
    ..\Src\stm32f4xx_hal_msp.c               0x00000000   Number         0  stm32f4xx_hal_msp.o ABSOLUTE
    ..\Src\stm32f4xx_it.c                    0x00000000   Number         0  stm32f4xx_it.o ABSOLUTE
    ..\Src\system_stm32f4xx.c                0x00000000   Number         0  system_stm32f4xx.o ABSOLUTE
    ..\Src\tim.c                             0x00000000   Number         0  tim.o ABSOLUTE
    ..\Src\usart.c                           0x00000000   Number         0  usart.o ABSOLUTE
    ..\\Src\\color\\color.c                  0x00000000   Number         0  color.o ABSOLUTE
    ..\\Src\\delay\\delay.c                  0x00000000   Number         0  delay.o ABSOLUTE
    ..\\Src\\lcd\\lcd.c                      0x00000000   Number         0  lcd.o ABSOLUTE
    ..\\Src\\move\\move.c                    0x00000000   Number         0  move.o ABSOLUTE
    ..\\Src\\printf\\myprintf.c              0x00000000   Number         0  myprintf.o ABSOLUTE
    cdrcmple.s                               0x00000000   Number         0  cdrcmple.o ABSOLUTE
    dc.s                                     0x00000000   Number         0  dc.o ABSOLUTE
    handlers.s                               0x00000000   Number         0  handlers.o ABSOLUTE
    init.s                                   0x00000000   Number         0  init.o ABSOLUTE
    startup_stm32f407xx.s                    0x00000000   Number         0  startup_stm32f407xx.o ABSOLUTE
    RESET                                    0x08000000   Section      392  startup_stm32f407xx.o(RESET)
    .ARM.Collect$$$$00000000                 0x08000188   Section        0  entry.o(.ARM.Collect$$$$00000000)
    .ARM.Collect$$$$00000001                 0x08000188   Section        4  entry2.o(.ARM.Collect$$$$00000001)
    .ARM.Collect$$$$00000004                 0x0800018c   Section        4  entry5.o(.ARM.Collect$$$$00000004)
    .ARM.Collect$$$$00000008                 0x08000190   Section        0  entry7b.o(.ARM.Collect$$$$00000008)
    .ARM.Collect$$$$0000000A                 0x08000190   Section        0  entry8b.o(.ARM.Collect$$$$0000000A)
    .ARM.Collect$$$$0000000B                 0x08000190   Section        8  entry9a.o(.ARM.Collect$$$$0000000B)
    .ARM.Collect$$$$0000000D                 0x08000198   Section        0  entry10a.o(.ARM.Collect$$$$0000000D)
    .ARM.Collect$$$$0000000F                 0x08000198   Section        0  entry11a.o(.ARM.Collect$$$$0000000F)
    .ARM.Collect$$$$00002712                 0x08000198   Section        4  entry2.o(.ARM.Collect$$$$00002712)
    __lit__00000000                          0x08000198   Data           4  entry2.o(.ARM.Collect$$$$00002712)
    .text                                    0x0800019c   Section       36  startup_stm32f407xx.o(.text)
    $v0                                      0x0800019c   Number         0  startup_stm32f407xx.o(.text)
    .text                                    0x080001c0   Section        0  uldiv.o(.text)
    .text                                    0x08000222   Section        0  memseta.o(.text)
    .text                                    0x08000246   Section        0  strchr.o(.text)
    .text                                    0x0800025a   Section        0  uidiv.o(.text)
    .text                                    0x08000286   Section        0  llshl.o(.text)
    .text                                    0x080002a4   Section        0  llushr.o(.text)
    .text                                    0x080002c4   Section       36  init.o(.text)
    i.BusFault_Handler                       0x080002e8   Section        0  stm32f4xx_it.o(i.BusFault_Handler)
    i.Button_Display                         0x080002ec   Section        0  display.o(i.Button_Display)
    i.Cube_Display                           0x0800035c   Section        0  display.o(i.Cube_Display)
    i.Cube_Restore                           0x0800037c   Section        0  move.o(i.Cube_Restore)
    i.DMA2_Stream2_IRQHandler                0x080003b8   Section        0  stm32f4xx_it.o(i.DMA2_Stream2_IRQHandler)
    i.DMA2_Stream7_IRQHandler                0x080003c4   Section        0  stm32f4xx_it.o(i.DMA2_Stream7_IRQHandler)
    i.DMA_CalcBaseAndBitshift                0x080003d0   Section        0  stm32f4xx_hal_dma.o(i.DMA_CalcBaseAndBitshift)
    DMA_CalcBaseAndBitshift                  0x080003d1   Thumb Code    34  stm32f4xx_hal_dma.o(i.DMA_CalcBaseAndBitshift)
    i.DMA_CheckFifoParam                     0x080003f8   Section        0  stm32f4xx_hal_dma.o(i.DMA_CheckFifoParam)
    DMA_CheckFifoParam                       0x080003f9   Thumb Code    84  stm32f4xx_hal_dma.o(i.DMA_CheckFifoParam)
    i.DebugMon_Handler                       0x0800044c   Section        0  stm32f4xx_it.o(i.DebugMon_Handler)
    i.EXTI4_IRQHandler                       0x0800044e   Section        0  stm32f4xx_it.o(i.EXTI4_IRQHandler)
    i.Error_Handler                          0x08000454   Section        0  main.o(i.Error_Handler)
    i.FSMC_NORSRAM_Extended_Timing_Init      0x08000458   Section        0  stm32f4xx_ll_fsmc.o(i.FSMC_NORSRAM_Extended_Timing_Init)
    i.FSMC_NORSRAM_Init                      0x08000498   Section        0  stm32f4xx_ll_fsmc.o(i.FSMC_NORSRAM_Init)
    i.FSMC_NORSRAM_Timing_Init               0x080004ec   Section        0  stm32f4xx_ll_fsmc.o(i.FSMC_NORSRAM_Timing_Init)
    i.Get_HS_Sta                             0x08000530   Section        0  move.o(i.Get_HS_Sta)
    i.Getcolor                               0x08000548   Section        0  color.o(i.Getcolor)
    i.HAL_DMA_IRQHandler                     0x08000798   Section        0  stm32f4xx_hal_dma.o(i.HAL_DMA_IRQHandler)
    i.HAL_DMA_Init                           0x08000938   Section        0  stm32f4xx_hal_dma.o(i.HAL_DMA_Init)
    i.HAL_Delay                              0x08000a0c   Section        0  stm32f4xx_hal.o(i.HAL_Delay)
    i.HAL_FSMC_MspInit                       0x08000a30   Section        0  fsmc.o(i.HAL_FSMC_MspInit)
    HAL_FSMC_MspInit                         0x08000a31   Thumb Code   144  fsmc.o(i.HAL_FSMC_MspInit)
    i.HAL_GPIO_EXTI_Callback                 0x08000ad8   Section        0  stm32f4xx_hal_gpio.o(i.HAL_GPIO_EXTI_Callback)
    i.HAL_GPIO_EXTI_IRQHandler               0x08000adc   Section        0  stm32f4xx_hal_gpio.o(i.HAL_GPIO_EXTI_IRQHandler)
    i.HAL_GPIO_Init                          0x08000af4   Section        0  stm32f4xx_hal_gpio.o(i.HAL_GPIO_Init)
    i.HAL_GPIO_ReadPin                       0x08000cac   Section        0  stm32f4xx_hal_gpio.o(i.HAL_GPIO_ReadPin)
    i.HAL_GPIO_TogglePin                     0x08000cb6   Section        0  stm32f4xx_hal_gpio.o(i.HAL_GPIO_TogglePin)
    i.HAL_GPIO_WritePin                      0x08000cc4   Section        0  stm32f4xx_hal_gpio.o(i.HAL_GPIO_WritePin)
    i.HAL_GetTick                            0x08000cd0   Section        0  stm32f4xx_hal.o(i.HAL_GetTick)
    i.HAL_I2C_Init                           0x08000cdc   Section        0  stm32f4xx_hal_i2c.o(i.HAL_I2C_Init)
    i.HAL_I2C_Mem_Read                       0x08000e64   Section        0  stm32f4xx_hal_i2c.o(i.HAL_I2C_Mem_Read)
    i.HAL_I2C_Mem_Write                      0x0800105c   Section        0  stm32f4xx_hal_i2c.o(i.HAL_I2C_Mem_Write)
    i.HAL_I2C_MspInit                        0x0800118c   Section        0  i2c.o(i.HAL_I2C_MspInit)
    i.HAL_IncTick                            0x080011f8   Section        0  stm32f4xx_hal.o(i.HAL_IncTick)
    i.HAL_Init                               0x08001208   Section        0  stm32f4xx_hal.o(i.HAL_Init)
    i.HAL_InitTick                           0x0800123c   Section        0  stm32f4xx_hal.o(i.HAL_InitTick)
    i.HAL_MspInit                            0x0800127c   Section        0  stm32f4xx_hal_msp.o(i.HAL_MspInit)
    i.HAL_NVIC_EnableIRQ                     0x080012b0   Section        0  stm32f4xx_hal_cortex.o(i.HAL_NVIC_EnableIRQ)
    i.HAL_NVIC_SetPriority                   0x080012cc   Section        0  stm32f4xx_hal_cortex.o(i.HAL_NVIC_SetPriority)
    i.HAL_NVIC_SetPriorityGrouping           0x0800130c   Section        0  stm32f4xx_hal_cortex.o(i.HAL_NVIC_SetPriorityGrouping)
    i.HAL_NVIC_SystemReset                   0x08001330   Section        0  stm32f4xx_hal_cortex.o(i.HAL_NVIC_SystemReset)
    i.HAL_RCC_ClockConfig                    0x08001354   Section        0  stm32f4xx_hal_rcc.o(i.HAL_RCC_ClockConfig)
    i.HAL_RCC_GetPCLK1Freq                   0x08001488   Section        0  stm32f4xx_hal_rcc.o(i.HAL_RCC_GetPCLK1Freq)
    i.HAL_RCC_GetPCLK2Freq                   0x080014a8   Section        0  stm32f4xx_hal_rcc.o(i.HAL_RCC_GetPCLK2Freq)
    i.HAL_RCC_GetSysClockFreq                0x080014c8   Section        0  stm32f4xx_hal_rcc.o(i.HAL_RCC_GetSysClockFreq)
    i.HAL_RCC_OscConfig                      0x08001528   Section        0  stm32f4xx_hal_rcc.o(i.HAL_RCC_OscConfig)
    i.HAL_SRAM_Init                          0x08001884   Section        0  stm32f4xx_hal_sram.o(i.HAL_SRAM_Init)
    i.HAL_SRAM_MspInit                       0x080018da   Section        0  fsmc.o(i.HAL_SRAM_MspInit)
    i.HAL_SYSTICK_Config                     0x080018de   Section        0  stm32f4xx_hal_cortex.o(i.HAL_SYSTICK_Config)
    i.HAL_TIMEx_BreakCallback                0x08001906   Section        0  stm32f4xx_hal_tim_ex.o(i.HAL_TIMEx_BreakCallback)
    i.HAL_TIMEx_CommutCallback               0x08001908   Section        0  stm32f4xx_hal_tim_ex.o(i.HAL_TIMEx_CommutCallback)
    i.HAL_TIMEx_MasterConfigSynchronization  0x0800190c   Section        0  stm32f4xx_hal_tim_ex.o(i.HAL_TIMEx_MasterConfigSynchronization)
    i.HAL_TIM_Base_Init                      0x0800199c   Section        0  stm32f4xx_hal_tim.o(i.HAL_TIM_Base_Init)
    i.HAL_TIM_Base_MspInit                   0x080019d4   Section        0  tim.o(i.HAL_TIM_Base_MspInit)
    i.HAL_TIM_Base_Start_IT                  0x08001ab4   Section        0  stm32f4xx_hal_tim.o(i.HAL_TIM_Base_Start_IT)
    i.HAL_TIM_Base_Stop_IT                   0x08001ad6   Section        0  stm32f4xx_hal_tim.o(i.HAL_TIM_Base_Stop_IT)
    i.HAL_TIM_ConfigClockSource              0x08001b00   Section        0  stm32f4xx_hal_tim.o(i.HAL_TIM_ConfigClockSource)
    i.HAL_TIM_IC_CaptureCallback             0x08001bd8   Section        0  color.o(i.HAL_TIM_IC_CaptureCallback)
    i.HAL_TIM_IC_ConfigChannel               0x08001c14   Section        0  stm32f4xx_hal_tim.o(i.HAL_TIM_IC_ConfigChannel)
    i.HAL_TIM_IC_Init                        0x08001d32   Section        0  stm32f4xx_hal_tim.o(i.HAL_TIM_IC_Init)
    i.HAL_TIM_IC_MspInit                     0x08001d68   Section        0  stm32f4xx_hal_tim.o(i.HAL_TIM_IC_MspInit)
    i.HAL_TIM_IC_Start_IT                    0x08001d6a   Section        0  stm32f4xx_hal_tim.o(i.HAL_TIM_IC_Start_IT)
    i.HAL_TIM_IC_Stop_IT                     0x08001dc0   Section        0  stm32f4xx_hal_tim.o(i.HAL_TIM_IC_Stop_IT)
    i.HAL_TIM_IRQHandler                     0x08001e1e   Section        0  stm32f4xx_hal_tim.o(i.HAL_TIM_IRQHandler)
    i.HAL_TIM_MspPostInit                    0x08001f84   Section        0  tim.o(i.HAL_TIM_MspPostInit)
    i.HAL_TIM_OC_DelayElapsedCallback        0x08001fd4   Section        0  stm32f4xx_hal_tim.o(i.HAL_TIM_OC_DelayElapsedCallback)
    i.HAL_TIM_PWM_ConfigChannel              0x08001fd6   Section        0  stm32f4xx_hal_tim.o(i.HAL_TIM_PWM_ConfigChannel)
    i.HAL_TIM_PWM_Init                       0x080020a6   Section        0  stm32f4xx_hal_tim.o(i.HAL_TIM_PWM_Init)
    i.HAL_TIM_PWM_MspInit                    0x080020dc   Section        0  stm32f4xx_hal_tim.o(i.HAL_TIM_PWM_MspInit)
    i.HAL_TIM_PWM_PulseFinishedCallback      0x080020de   Section        0  stm32f4xx_hal_tim.o(i.HAL_TIM_PWM_PulseFinishedCallback)
    i.HAL_TIM_PeriodElapsedCallback          0x080020e0   Section        0  tim.o(i.HAL_TIM_PeriodElapsedCallback)
    i.HAL_TIM_TriggerCallback                0x08002154   Section        0  stm32f4xx_hal_tim.o(i.HAL_TIM_TriggerCallback)
    i.HAL_UART_Init                          0x08002156   Section        0  stm32f4xx_hal_uart.o(i.HAL_UART_Init)
    i.HAL_UART_MspInit                       0x080021b8   Section        0  usart.o(i.HAL_UART_MspInit)
    i.HardFault_Handler                      0x08002290   Section        0  stm32f4xx_it.o(i.HardFault_Handler)
    i.Hold_Servo                             0x08002294   Section        0  move.o(i.Hold_Servo)
    i.I2C_IsAcknowledgeFailed                0x080022c8   Section        0  stm32f4xx_hal_i2c.o(i.I2C_IsAcknowledgeFailed)
    I2C_IsAcknowledgeFailed                  0x080022c9   Thumb Code    46  stm32f4xx_hal_i2c.o(i.I2C_IsAcknowledgeFailed)
    i.I2C_RequestMemoryRead                  0x080022f8   Section        0  stm32f4xx_hal_i2c.o(i.I2C_RequestMemoryRead)
    I2C_RequestMemoryRead                    0x080022f9   Thumb Code   246  stm32f4xx_hal_i2c.o(i.I2C_RequestMemoryRead)
    i.I2C_RequestMemoryWrite                 0x080023f4   Section        0  stm32f4xx_hal_i2c.o(i.I2C_RequestMemoryWrite)
    I2C_RequestMemoryWrite                   0x080023f5   Thumb Code   162  stm32f4xx_hal_i2c.o(i.I2C_RequestMemoryWrite)
    i.I2C_WaitOnBTFFlagUntilTimeout          0x0800249c   Section        0  stm32f4xx_hal_i2c.o(i.I2C_WaitOnBTFFlagUntilTimeout)
    I2C_WaitOnBTFFlagUntilTimeout            0x0800249d   Thumb Code    76  stm32f4xx_hal_i2c.o(i.I2C_WaitOnBTFFlagUntilTimeout)
    i.I2C_WaitOnFlagUntilTimeout             0x080024e8   Section        0  stm32f4xx_hal_i2c.o(i.I2C_WaitOnFlagUntilTimeout)
    I2C_WaitOnFlagUntilTimeout               0x080024e9   Thumb Code   104  stm32f4xx_hal_i2c.o(i.I2C_WaitOnFlagUntilTimeout)
    i.I2C_WaitOnMasterAddressFlagUntilTimeout 0x08002550   Section        0  stm32f4xx_hal_i2c.o(i.I2C_WaitOnMasterAddressFlagUntilTimeout)
    I2C_WaitOnMasterAddressFlagUntilTimeout  0x08002551   Thumb Code   150  stm32f4xx_hal_i2c.o(i.I2C_WaitOnMasterAddressFlagUntilTimeout)
    i.I2C_WaitOnRXNEFlagUntilTimeout         0x080025e6   Section        0  stm32f4xx_hal_i2c.o(i.I2C_WaitOnRXNEFlagUntilTimeout)
    I2C_WaitOnRXNEFlagUntilTimeout           0x080025e7   Thumb Code   102  stm32f4xx_hal_i2c.o(i.I2C_WaitOnRXNEFlagUntilTimeout)
    i.I2C_WaitOnTXEFlagUntilTimeout          0x0800264c   Section        0  stm32f4xx_hal_i2c.o(i.I2C_WaitOnTXEFlagUntilTimeout)
    I2C_WaitOnTXEFlagUntilTimeout            0x0800264d   Thumb Code    76  stm32f4xx_hal_i2c.o(i.I2C_WaitOnTXEFlagUntilTimeout)
    i.LCD_Clear                              0x08002698   Section        0  lcd.o(i.LCD_Clear)
    i.LCD_ClearWindow                        0x080026ac   Section        0  lcd.o(i.LCD_ClearWindow)
    i.LCD_Init                               0x080026d4   Section        0  lcd.o(i.LCD_Init)
    i.LCD_SetWindow                          0x08002844   Section        0  lcd.o(i.LCD_SetWindow)
    i.LCD_ShowChar                           0x08002884   Section        0  lcd.o(i.LCD_ShowChar)
    i.LCD_ShowString                         0x08002928   Section        0  lcd.o(i.LCD_ShowString)
    i.MX_DMA_Init                            0x0800297c   Section        0  dma.o(i.MX_DMA_Init)
    i.MX_FSMC_Init                           0x080029b8   Section        0  fsmc.o(i.MX_FSMC_Init)
    i.MX_GPIO_Init                           0x08002a28   Section        0  gpio.o(i.MX_GPIO_Init)
    i.MX_I2C1_Init                           0x08002bb0   Section        0  i2c.o(i.MX_I2C1_Init)
    i.MX_TIM10_Init                          0x08002bf0   Section        0  tim.o(i.MX_TIM10_Init)
    i.MX_TIM11_Init                          0x08002c28   Section        0  tim.o(i.MX_TIM11_Init)
    i.MX_TIM2_Init                           0x08002c60   Section        0  tim.o(i.MX_TIM2_Init)
    i.MX_TIM3_Init                           0x08002d1c   Section        0  tim.o(i.MX_TIM3_Init)
    i.MX_USART1_UART_Init                    0x08002db4   Section        0  usart.o(i.MX_USART1_UART_Init)
    i.MemManage_Handler                      0x08002dec   Section        0  stm32f4xx_it.o(i.MemManage_Handler)
    i.Move                                   0x08002df0   Section        0  move.o(i.Move)
    i.NMI_Handler                            0x08002ea4   Section        0  stm32f4xx_it.o(i.NMI_Handler)
    i.PendSV_Handler                         0x08002ea6   Section        0  stm32f4xx_it.o(i.PendSV_Handler)
    i.Roll                                   0x08002ea8   Section        0  move.o(i.Roll)
    i.Roll_Servo                             0x08002ee0   Section        0  move.o(i.Roll_Servo)
    i.SVC_Handler                            0x08002f04   Section        0  stm32f4xx_it.o(i.SVC_Handler)
    i.Sensor_Servo                           0x08002f08   Section        0  move.o(i.Sensor_Servo)
    i.Side_Down                              0x08002f54   Section        0  move.o(i.Side_Down)
    i.Side_Turn                              0x08002fc8   Section        0  move.o(i.Side_Turn)
    i.Step                                   0x08002ff4   Section        0  move.o(i.Step)
    i.Step_Init                              0x08003040   Section        0  move.o(i.Step_Init)
    i.SysTick_Handler                        0x080030c8   Section        0  stm32f4xx_it.o(i.SysTick_Handler)
    i.SystemClock_Config                     0x080030cc   Section        0  main.o(i.SystemClock_Config)
    i.SystemInit                             0x08003150   Section        0  system_stm32f4xx.o(i.SystemInit)
    i.TIM1_TRG_COM_TIM11_IRQHandler          0x0800316c   Section        0  stm32f4xx_it.o(i.TIM1_TRG_COM_TIM11_IRQHandler)
    i.TIM1_UP_TIM10_IRQHandler               0x08003178   Section        0  stm32f4xx_it.o(i.TIM1_UP_TIM10_IRQHandler)
    i.TIM3_IRQHandler                        0x08003184   Section        0  stm32f4xx_it.o(i.TIM3_IRQHandler)
    i.TIM_Base_SetConfig                     0x08003190   Section        0  stm32f4xx_hal_tim.o(i.TIM_Base_SetConfig)
    i.TIM_CCxChannelCmd                      0x08003258   Section        0  stm32f4xx_hal_tim.o(i.TIM_CCxChannelCmd)
    i.TIM_ETR_SetConfig                      0x08003272   Section        0  stm32f4xx_hal_tim.o(i.TIM_ETR_SetConfig)
    i.TIM_ITRx_SetConfig                     0x08003286   Section        0  stm32f4xx_hal_tim.o(i.TIM_ITRx_SetConfig)
    TIM_ITRx_SetConfig                       0x08003287   Thumb Code    16  stm32f4xx_hal_tim.o(i.TIM_ITRx_SetConfig)
    i.TIM_OC1_SetConfig                      0x08003298   Section        0  stm32f4xx_hal_tim.o(i.TIM_OC1_SetConfig)
    TIM_OC1_SetConfig                        0x08003299   Thumb Code    88  stm32f4xx_hal_tim.o(i.TIM_OC1_SetConfig)
    i.TIM_OC2_SetConfig                      0x080032f8   Section        0  stm32f4xx_hal_tim.o(i.TIM_OC2_SetConfig)
    i.TIM_OC3_SetConfig                      0x08003364   Section        0  stm32f4xx_hal_tim.o(i.TIM_OC3_SetConfig)
    TIM_OC3_SetConfig                        0x08003365   Thumb Code    96  stm32f4xx_hal_tim.o(i.TIM_OC3_SetConfig)
    i.TIM_OC4_SetConfig                      0x080033cc   Section        0  stm32f4xx_hal_tim.o(i.TIM_OC4_SetConfig)
    TIM_OC4_SetConfig                        0x080033cd   Thumb Code    70  stm32f4xx_hal_tim.o(i.TIM_OC4_SetConfig)
    i.TIM_TI1_ConfigInputStage               0x0800341c   Section        0  stm32f4xx_hal_tim.o(i.TIM_TI1_ConfigInputStage)
    TIM_TI1_ConfigInputStage                 0x0800341d   Thumb Code    34  stm32f4xx_hal_tim.o(i.TIM_TI1_ConfigInputStage)
    i.TIM_TI1_SetConfig                      0x08003440   Section        0  stm32f4xx_hal_tim.o(i.TIM_TI1_SetConfig)
    i.TIM_TI2_ConfigInputStage               0x080034c0   Section        0  stm32f4xx_hal_tim.o(i.TIM_TI2_ConfigInputStage)
    TIM_TI2_ConfigInputStage                 0x080034c1   Thumb Code    36  stm32f4xx_hal_tim.o(i.TIM_TI2_ConfigInputStage)
    i.TIM_TI2_SetConfig                      0x080034e4   Section        0  stm32f4xx_hal_tim.o(i.TIM_TI2_SetConfig)
    TIM_TI2_SetConfig                        0x080034e5   Thumb Code    54  stm32f4xx_hal_tim.o(i.TIM_TI2_SetConfig)
    i.TS_Adjust                              0x0800351c   Section        0  lcd.o(i.TS_Adjust)
    i.TS_GetXY                               0x08003644   Section        0  lcd.o(i.TS_GetXY)
    i.TS_Getadjdata                          0x0800365c   Section        0  lcd.o(i.TS_Getadjdata)
    i.TS_Init                                0x080036cc   Section        0  lcd.o(i.TS_Init)
    i.TS_Memread                             0x080036e0   Section        0  lcd.o(i.TS_Memread)
    i.TS_Memwrite                            0x0800373c   Section        0  lcd.o(i.TS_Memwrite)
    i.TS_ReadXY                              0x08003788   Section        0  lcd.o(i.TS_ReadXY)
    i.TS_Readval                             0x080037e8   Section        0  lcd.o(i.TS_Readval)
    i.TS_Saveadjdata                         0x080038e8   Section        0  lcd.o(i.TS_Saveadjdata)
    i.TS_Scan                                0x08003954   Section        0  lcd.o(i.TS_Scan)
    i.UART_SetConfig                         0x080039ec   Section        0  stm32f4xx_hal_uart.o(i.UART_SetConfig)
    UART_SetConfig                           0x080039ed   Thumb Code   286  stm32f4xx_hal_uart.o(i.UART_SetConfig)
    i.UsageFault_Handler                     0x08003b14   Section        0  stm32f4xx_it.o(i.UsageFault_Handler)
    i.__0printf$6                            0x08003b18   Section        0  printf6.o(i.__0printf$6)
    i.__NVIC_SetPriority                     0x08003b38   Section        0  stm32f4xx_hal_cortex.o(i.__NVIC_SetPriority)
    __NVIC_SetPriority                       0x08003b39   Thumb Code    32  stm32f4xx_hal_cortex.o(i.__NVIC_SetPriority)
    i.__scatterload_copy                     0x08003b58   Section       14  handlers.o(i.__scatterload_copy)
    i.__scatterload_null                     0x08003b66   Section        2  handlers.o(i.__scatterload_null)
    i.__scatterload_zeroinit                 0x08003b68   Section       14  handlers.o(i.__scatterload_zeroinit)
    i._printf_core                           0x08003b78   Section        0  printf6.o(i._printf_core)
    _printf_core                             0x08003b79   Thumb Code   748  printf6.o(i._printf_core)
    i._printf_post_padding                   0x08003e68   Section        0  printf6.o(i._printf_post_padding)
    _printf_post_padding                     0x08003e69   Thumb Code    36  printf6.o(i._printf_post_padding)
    i._printf_pre_padding                    0x08003e8c   Section        0  printf6.o(i._printf_pre_padding)
    _printf_pre_padding                      0x08003e8d   Thumb Code    46  printf6.o(i._printf_pre_padding)
    i.cycle                                  0x08003ebc   Section        0  solver.o(i.cycle)
    i.delay_ms                               0x08003f04   Section        0  delay.o(i.delay_ms)
    i.delay_us                               0x08003f1e   Section        0  delay.o(i.delay_us)
    i.display_1piece                         0x08003f4c   Section        0  display.o(i.display_1piece)
    i.display_1side                          0x08003f9a   Section        0  display.o(i.display_1side)
    i.display_col                            0x08003fe4   Section        0  display.o(i.display_col)
    i.domove                                 0x08004018   Section        0  solver.o(i.domove)
    i.filltable                              0x08004080   Section        0  solver.o(i.filltable)
    i.fputc                                  0x08004130   Section        0  myprintf.o(i.fputc)
    i.getposition                            0x08004144   Section        0  solver.o(i.getposition)
    i.main                                   0x0800428c   Section        0  main.o(i.main)
    i.malloc                                 0x0800438c   Section        0  malloc.o(i.malloc)
    i.numtoperm                              0x080043f8   Section        0  solver.o(i.numtoperm)
    i.permtonum                              0x08004434   Section        0  solver.o(i.permtonum)
    i.reset                                  0x08004460   Section        0  solver.o(i.reset)
    i.scan_1color                            0x0800447c   Section        0  color.o(i.scan_1color)
    i.scan_1piece                            0x080044e0   Section        0  color.o(i.scan_1piece)
    i.scan_1side                             0x0800459c   Section        0  color.o(i.scan_1side)
    i.scan_color                             0x080046b4   Section        0  color.o(i.scan_color)
    i.searchphase                            0x08004794   Section        0  solver.o(i.searchphase)
    i.setposition                            0x08004834   Section        0  solver.o(i.setposition)
    i.solve                                  0x08004964   Section        0  solver.o(i.solve)
    i.twist                                  0x08004a7c   Section        0  solver.o(i.twist)
    .constdata                               0x08004aa0   Section    38000  lcd.o(.constdata)
    asc2_4824                                0x08004aa0   Data       13680  lcd.o(.constdata)
    asc2_6432                                0x08008010   Data       24320  lcd.o(.constdata)
    .constdata                               0x0800df10   Section        8  stm32f4xx_hal_dma.o(.constdata)
    flagBitshiftOffset                       0x0800df10   Data           8  stm32f4xx_hal_dma.o(.constdata)
    .constdata                               0x0800df18   Section       16  system_stm32f4xx.o(.constdata)
    .constdata                               0x0800df28   Section        8  system_stm32f4xx.o(.constdata)
    .conststring                             0x0800df30   Section      105  solver.o(.conststring)
    .data                                    0x20000000   Section       10  color.o(.data)
    sta                                      0x20000000   Data           1  color.o(.data)
    .data                                    0x2000000c   Section       56  solver.o(.data)
    .data                                    0x20000044   Section       24  lcd.o(.data)
    .data                                    0x2000005c   Section        6  move.o(.data)
    .data                                    0x20000062   Section       54  main.o(.data)
    .data                                    0x20000098   Section        8  fsmc.o(.data)
    FSMC_Initialized                         0x20000098   Data           4  fsmc.o(.data)
    FSMC_DeInitialized                       0x2000009c   Data           4  fsmc.o(.data)
    .data                                    0x200000a0   Section        1  tim.o(.data)
    timeout                                  0x200000a0   Data           1  tim.o(.data)
    .data                                    0x200000a4   Section       12  stm32f4xx_hal.o(.data)
    .data                                    0x200000b0   Section        4  system_stm32f4xx.o(.data)
    .data                                    0x200000b4   Section        4  stdout.o(.data)
    .data                                    0x200000b8   Section        4  mvars.o(.data)
    .data                                    0x200000bc   Section        4  mvars.o(.data)
    .bss                                     0x200000c0   Section      252  solver.o(.bss)
    .bss                                     0x200001bc   Section      130  main.o(.bss)
    .bss                                     0x20000240   Section       80  fsmc.o(.bss)
    .bss                                     0x20000290   Section       84  i2c.o(.bss)
    .bss                                     0x200002e4   Section      256  tim.o(.bss)
    .bss                                     0x200003e4   Section      256  usart.o(.bss)
    HEAP                                     0x200004e8   Section    33280  startup_stm32f407xx.o(HEAP)
    STACK                                    0x200086e8   Section     1024  startup_stm32f407xx.o(STACK)

    Global Symbols

    Symbol Name                              Value     Ov Type        Size  Object(Section)

    BuildAttributes$$THM_ISAv4$E$P$D$K$B$S$7EM$VFPi3$EXTD16$VFPS$VFMA$PE$A:L22UL41UL21$X:L11$S22US41US21$IEEE1$IW$USESV6$~STKCKD$USESV7$~SHL$OSPACE$ROPI$EBA8$MICROLIB$REQ8$PRES8$EABIv2 0x00000000   Number         0  anon$$obj.o ABSOLUTE
    __ARM_use_no_argv                        0x00000000   Number         0  main.o ABSOLUTE
    _printf_a                                0x00000000   Number         0  stubs.o ABSOLUTE
    _printf_c                                0x00000000   Number         0  stubs.o ABSOLUTE
    _printf_charcount                        0x00000000   Number         0  stubs.o ABSOLUTE
    _printf_d                                0x00000000   Number         0  stubs.o ABSOLUTE
    _printf_e                                0x00000000   Number         0  stubs.o ABSOLUTE
    _printf_f                                0x00000000   Number         0  stubs.o ABSOLUTE
    _printf_flags                            0x00000000   Number         0  stubs.o ABSOLUTE
    _printf_fp_dec                           0x00000000   Number         0  stubs.o ABSOLUTE
    _printf_fp_hex                           0x00000000   Number         0  stubs.o ABSOLUTE
    _printf_g                                0x00000000   Number         0  stubs.o ABSOLUTE
    _printf_i                                0x00000000   Number         0  stubs.o ABSOLUTE
    _printf_int_dec                          0x00000000   Number         0  stubs.o ABSOLUTE
    _printf_l                                0x00000000   Number         0  stubs.o ABSOLUTE
    _printf_lc                               0x00000000   Number         0  stubs.o ABSOLUTE
    _printf_ll                               0x00000000   Number         0  stubs.o ABSOLUTE
    _printf_lld                              0x00000000   Number         0  stubs.o ABSOLUTE
    _printf_lli                              0x00000000   Number         0  stubs.o ABSOLUTE
    _printf_llo                              0x00000000   Number         0  stubs.o ABSOLUTE
    _printf_llu                              0x00000000   Number         0  stubs.o ABSOLUTE
    _printf_llx                              0x00000000   Number         0  stubs.o ABSOLUTE
    _printf_longlong_dec                     0x00000000   Number         0  stubs.o ABSOLUTE
    _printf_longlong_hex                     0x00000000   Number         0  stubs.o ABSOLUTE
    _printf_longlong_oct                     0x00000000   Number         0  stubs.o ABSOLUTE
    _printf_ls                               0x00000000   Number         0  stubs.o ABSOLUTE
    _printf_mbtowc                           0x00000000   Number         0  stubs.o ABSOLUTE
    _printf_n                                0x00000000   Number         0  stubs.o ABSOLUTE
    _printf_o                                0x00000000   Number         0  stubs.o ABSOLUTE
    _printf_p                                0x00000000   Number         0  stubs.o ABSOLUTE
    _printf_percent                          0x00000000   Number         0  stubs.o ABSOLUTE
    _printf_pre_padding                      0x00000000   Number         0  stubs.o ABSOLUTE
    _printf_return_value                     0x00000000   Number         0  stubs.o ABSOLUTE
    _printf_s                                0x00000000   Number         0  stubs.o ABSOLUTE
    _printf_sizespec                         0x00000000   Number         0  stubs.o ABSOLUTE
    _printf_str                              0x00000000   Number         0  stubs.o ABSOLUTE
    _printf_truncate_signed                  0x00000000   Number         0  stubs.o ABSOLUTE
    _printf_truncate_unsigned                0x00000000   Number         0  stubs.o ABSOLUTE
    _printf_u                                0x00000000   Number         0  stubs.o ABSOLUTE
    _printf_wc                               0x00000000   Number         0  stubs.o ABSOLUTE
    _printf_wctomb                           0x00000000   Number         0  stubs.o ABSOLUTE
    _printf_widthprec                        0x00000000   Number         0  stubs.o ABSOLUTE
    _printf_x                                0x00000000   Number         0  stubs.o ABSOLUTE
    __cpp_initialize__aeabi_                  - Undefined Weak Reference
    __cxa_finalize                            - Undefined Weak Reference
    __decompress                              - Undefined Weak Reference
    _clock_init                               - Undefined Weak Reference
    _microlib_exit                            - Undefined Weak Reference
    __Vectors_Size                           0x00000188   Number         0  startup_stm32f407xx.o ABSOLUTE
    __Vectors                                0x08000000   Data           4  startup_stm32f407xx.o(RESET)
    __Vectors_End                            0x08000188   Data           0  startup_stm32f407xx.o(RESET)
    __main                                   0x08000189   Thumb Code     0  entry.o(.ARM.Collect$$$$00000000)
    _main_stk                                0x08000189   Thumb Code     0  entry2.o(.ARM.Collect$$$$00000001)
    _main_scatterload                        0x0800018d   Thumb Code     0  entry5.o(.ARM.Collect$$$$00000004)
    __main_after_scatterload                 0x08000191   Thumb Code     0  entry5.o(.ARM.Collect$$$$00000004)
    _main_clock                              0x08000191   Thumb Code     0  entry7b.o(.ARM.Collect$$$$00000008)
    _main_cpp_init                           0x08000191   Thumb Code     0  entry8b.o(.ARM.Collect$$$$0000000A)
    _main_init                               0x08000191   Thumb Code     0  entry9a.o(.ARM.Collect$$$$0000000B)
    __rt_final_cpp                           0x08000199   Thumb Code     0  entry10a.o(.ARM.Collect$$$$0000000D)
    __rt_final_exit                          0x08000199   Thumb Code     0  entry11a.o(.ARM.Collect$$$$0000000F)
    Reset_Handler                            0x0800019d   Thumb Code     8  startup_stm32f407xx.o(.text)
    ADC_IRQHandler                           0x080001b7   Thumb Code     0  startup_stm32f407xx.o(.text)
    CAN1_RX0_IRQHandler                      0x080001b7   Thumb Code     0  startup_stm32f407xx.o(.text)
    CAN1_RX1_IRQHandler                      0x080001b7   Thumb Code     0  startup_stm32f407xx.o(.text)
    CAN1_SCE_IRQHandler                      0x080001b7   Thumb Code     0  startup_stm32f407xx.o(.text)
    CAN1_TX_IRQHandler                       0x080001b7   Thumb Code     0  startup_stm32f407xx.o(.text)
    CAN2_RX0_IRQHandler                      0x080001b7   Thumb Code     0  startup_stm32f407xx.o(.text)
    CAN2_RX1_IRQHandler                      0x080001b7   Thumb Code     0  startup_stm32f407xx.o(.text)
    CAN2_SCE_IRQHandler                      0x080001b7   Thumb Code     0  startup_stm32f407xx.o(.text)
    CAN2_TX_IRQHandler                       0x080001b7   Thumb Code     0  startup_stm32f407xx.o(.text)
    DCMI_IRQHandler                          0x080001b7   Thumb Code     0  startup_stm32f407xx.o(.text)
    DMA1_Stream0_IRQHandler                  0x080001b7   Thumb Code     0  startup_stm32f407xx.o(.text)
    DMA1_Stream1_IRQHandler                  0x080001b7   Thumb Code     0  startup_stm32f407xx.o(.text)
    DMA1_Stream2_IRQHandler                  0x080001b7   Thumb Code     0  startup_stm32f407xx.o(.text)
    DMA1_Stream3_IRQHandler                  0x080001b7   Thumb Code     0  startup_stm32f407xx.o(.text)
    DMA1_Stream4_IRQHandler                  0x080001b7   Thumb Code     0  startup_stm32f407xx.o(.text)
    DMA1_Stream5_IRQHandler                  0x080001b7   Thumb Code     0  startup_stm32f407xx.o(.text)
    DMA1_Stream6_IRQHandler                  0x080001b7   Thumb Code     0  startup_stm32f407xx.o(.text)
    DMA1_Stream7_IRQHandler                  0x080001b7   Thumb Code     0  startup_stm32f407xx.o(.text)
    DMA2_Stream0_IRQHandler                  0x080001b7   Thumb Code     0  startup_stm32f407xx.o(.text)
    DMA2_Stream1_IRQHandler                  0x080001b7   Thumb Code     0  startup_stm32f407xx.o(.text)
    DMA2_Stream3_IRQHandler                  0x080001b7   Thumb Code     0  startup_stm32f407xx.o(.text)
    DMA2_Stream4_IRQHandler                  0x080001b7   Thumb Code     0  startup_stm32f407xx.o(.text)
    DMA2_Stream5_IRQHandler                  0x080001b7   Thumb Code     0  startup_stm32f407xx.o(.text)
    DMA2_Stream6_IRQHandler                  0x080001b7   Thumb Code     0  startup_stm32f407xx.o(.text)
    ETH_IRQHandler                           0x080001b7   Thumb Code     0  startup_stm32f407xx.o(.text)
    ETH_WKUP_IRQHandler                      0x080001b7   Thumb Code     0  startup_stm32f407xx.o(.text)
    EXTI0_IRQHandler                         0x080001b7   Thumb Code     0  startup_stm32f407xx.o(.text)
    EXTI15_10_IRQHandler                     0x080001b7   Thumb Code     0  startup_stm32f407xx.o(.text)
    EXTI1_IRQHandler                         0x080001b7   Thumb Code     0  startup_stm32f407xx.o(.text)
    EXTI2_IRQHandler                         0x080001b7   Thumb Code     0  startup_stm32f407xx.o(.text)
    EXTI3_IRQHandler                         0x080001b7   Thumb Code     0  startup_stm32f407xx.o(.text)
    EXTI9_5_IRQHandler                       0x080001b7   Thumb Code     0  startup_stm32f407xx.o(.text)
    FLASH_IRQHandler                         0x080001b7   Thumb Code     0  startup_stm32f407xx.o(.text)
    FMC_IRQHandler                           0x080001b7   Thumb Code     0  startup_stm32f407xx.o(.text)
    FPU_IRQHandler                           0x080001b7   Thumb Code     0  startup_stm32f407xx.o(.text)
    HASH_RNG_IRQHandler                      0x080001b7   Thumb Code     0  startup_stm32f407xx.o(.text)
    I2C1_ER_IRQHandler                       0x080001b7   Thumb Code     0  startup_stm32f407xx.o(.text)
    I2C1_EV_IRQHandler                       0x080001b7   Thumb Code     0  startup_stm32f407xx.o(.text)
    I2C2_ER_IRQHandler                       0x080001b7   Thumb Code     0  startup_stm32f407xx.o(.text)
    I2C2_EV_IRQHandler                       0x080001b7   Thumb Code     0  startup_stm32f407xx.o(.text)
    I2C3_ER_IRQHandler                       0x080001b7   Thumb Code     0  startup_stm32f407xx.o(.text)
    I2C3_EV_IRQHandler                       0x080001b7   Thumb Code     0  startup_stm32f407xx.o(.text)
    OTG_FS_IRQHandler                        0x080001b7   Thumb Code     0  startup_stm32f407xx.o(.text)
    OTG_FS_WKUP_IRQHandler                   0x080001b7   Thumb Code     0  startup_stm32f407xx.o(.text)
    OTG_HS_EP1_IN_IRQHandler                 0x080001b7   Thumb Code     0  startup_stm32f407xx.o(.text)
    OTG_HS_EP1_OUT_IRQHandler                0x080001b7   Thumb Code     0  startup_stm32f407xx.o(.text)
    OTG_HS_IRQHandler                        0x080001b7   Thumb Code     0  startup_stm32f407xx.o(.text)
    OTG_HS_WKUP_IRQHandler                   0x080001b7   Thumb Code     0  startup_stm32f407xx.o(.text)
    PVD_IRQHandler                           0x080001b7   Thumb Code     0  startup_stm32f407xx.o(.text)
    RCC_IRQHandler                           0x080001b7   Thumb Code     0  startup_stm32f407xx.o(.text)
    RTC_Alarm_IRQHandler                     0x080001b7   Thumb Code     0  startup_stm32f407xx.o(.text)
    RTC_WKUP_IRQHandler                      0x080001b7   Thumb Code     0  startup_stm32f407xx.o(.text)
    SDIO_IRQHandler                          0x080001b7   Thumb Code     0  startup_stm32f407xx.o(.text)
    SPI1_IRQHandler                          0x080001b7   Thumb Code     0  startup_stm32f407xx.o(.text)
    SPI2_IRQHandler                          0x080001b7   Thumb Code     0  startup_stm32f407xx.o(.text)
    SPI3_IRQHandler                          0x080001b7   Thumb Code     0  startup_stm32f407xx.o(.text)
    TAMP_STAMP_IRQHandler                    0x080001b7   Thumb Code     0  startup_stm32f407xx.o(.text)
    TIM1_BRK_TIM9_IRQHandler                 0x080001b7   Thumb Code     0  startup_stm32f407xx.o(.text)
    TIM1_CC_IRQHandler                       0x080001b7   Thumb Code     0  startup_stm32f407xx.o(.text)
    TIM2_IRQHandler                          0x080001b7   Thumb Code     0  startup_stm32f407xx.o(.text)
    TIM4_IRQHandler                          0x080001b7   Thumb Code     0  startup_stm32f407xx.o(.text)
    TIM5_IRQHandler                          0x080001b7   Thumb Code     0  startup_stm32f407xx.o(.text)
    TIM6_DAC_IRQHandler                      0x080001b7   Thumb Code     0  startup_stm32f407xx.o(.text)
    TIM7_IRQHandler                          0x080001b7   Thumb Code     0  startup_stm32f407xx.o(.text)
    TIM8_BRK_TIM12_IRQHandler                0x080001b7   Thumb Code     0  startup_stm32f407xx.o(.text)
    TIM8_CC_IRQHandler                       0x080001b7   Thumb Code     0  startup_stm32f407xx.o(.text)
    TIM8_TRG_COM_TIM14_IRQHandler            0x080001b7   Thumb Code     0  startup_stm32f407xx.o(.text)
    TIM8_UP_TIM13_IRQHandler                 0x080001b7   Thumb Code     0  startup_stm32f407xx.o(.text)
    UART4_IRQHandler                         0x080001b7   Thumb Code     0  startup_stm32f407xx.o(.text)
    UART5_IRQHandler                         0x080001b7   Thumb Code     0  startup_stm32f407xx.o(.text)
    USART1_IRQHandler                        0x080001b7   Thumb Code     0  startup_stm32f407xx.o(.text)
    USART2_IRQHandler                        0x080001b7   Thumb Code     0  startup_stm32f407xx.o(.text)
    USART3_IRQHandler                        0x080001b7   Thumb Code     0  startup_stm32f407xx.o(.text)
    USART6_IRQHandler                        0x080001b7   Thumb Code     0  startup_stm32f407xx.o(.text)
    WWDG_IRQHandler                          0x080001b7   Thumb Code     0  startup_stm32f407xx.o(.text)
    __aeabi_uldivmod                         0x080001c1   Thumb Code    98  uldiv.o(.text)
    __aeabi_memset                           0x08000223   Thumb Code    14  memseta.o(.text)
    __aeabi_memset4                          0x08000223   Thumb Code     0  memseta.o(.text)
    __aeabi_memset8                          0x08000223   Thumb Code     0  memseta.o(.text)
    __aeabi_memclr                           0x08000231   Thumb Code     4  memseta.o(.text)
    __aeabi_memclr4                          0x08000231   Thumb Code     0  memseta.o(.text)
    __aeabi_memclr8                          0x08000231   Thumb Code     0  memseta.o(.text)
    _memset$wrapper                          0x08000235   Thumb Code    18  memseta.o(.text)
    strchr                                   0x08000247   Thumb Code    20  strchr.o(.text)
    __aeabi_uidiv                            0x0800025b   Thumb Code     0  uidiv.o(.text)
    __aeabi_uidivmod                         0x0800025b   Thumb Code    44  uidiv.o(.text)
    __aeabi_llsl                             0x08000287   Thumb Code    30  llshl.o(.text)
    _ll_shift_l                              0x08000287   Thumb Code     0  llshl.o(.text)
    __aeabi_llsr                             0x080002a5   Thumb Code    32  llushr.o(.text)
    _ll_ushift_r                             0x080002a5   Thumb Code     0  llushr.o(.text)
    __scatterload                            0x080002c5   Thumb Code    28  init.o(.text)
    __scatterload_rt2                        0x080002c5   Thumb Code     0  init.o(.text)
    BusFault_Handler                         0x080002e9   Thumb Code     2  stm32f4xx_it.o(i.BusFault_Handler)
    Button_Display                           0x080002ed   Thumb Code    80  display.o(i.Button_Display)
    Cube_Display                             0x0800035d   Thumb Code    30  display.o(i.Cube_Display)
    Cube_Restore                             0x0800037d   Thumb Code    56  move.o(i.Cube_Restore)
    DMA2_Stream2_IRQHandler                  0x080003b9   Thumb Code     6  stm32f4xx_it.o(i.DMA2_Stream2_IRQHandler)
    DMA2_Stream7_IRQHandler                  0x080003c5   Thumb Code     6  stm32f4xx_it.o(i.DMA2_Stream7_IRQHandler)
    DebugMon_Handler                         0x0800044d   Thumb Code     2  stm32f4xx_it.o(i.DebugMon_Handler)
    EXTI4_IRQHandler                         0x0800044f   Thumb Code     6  stm32f4xx_it.o(i.EXTI4_IRQHandler)
    Error_Handler                            0x08000455   Thumb Code     2  main.o(i.Error_Handler)
    FSMC_NORSRAM_Extended_Timing_Init        0x08000459   Thumb Code    60  stm32f4xx_ll_fsmc.o(i.FSMC_NORSRAM_Extended_Timing_Init)
    FSMC_NORSRAM_Init                        0x08000499   Thumb Code    80  stm32f4xx_ll_fsmc.o(i.FSMC_NORSRAM_Init)
    FSMC_NORSRAM_Timing_Init                 0x080004ed   Thumb Code    64  stm32f4xx_ll_fsmc.o(i.FSMC_NORSRAM_Timing_Init)
    Get_HS_Sta                               0x08000531   Thumb Code    18  move.o(i.Get_HS_Sta)
    Getcolor                                 0x08000549   Thumb Code   580  color.o(i.Getcolor)
    HAL_DMA_IRQHandler                       0x08000799   Thumb Code   412  stm32f4xx_hal_dma.o(i.HAL_DMA_IRQHandler)
    HAL_DMA_Init                             0x08000939   Thumb Code   206  stm32f4xx_hal_dma.o(i.HAL_DMA_Init)
    HAL_Delay                                0x08000a0d   Thumb Code    32  stm32f4xx_hal.o(i.HAL_Delay)
    HAL_GPIO_EXTI_Callback                   0x08000ad9   Thumb Code     2  stm32f4xx_hal_gpio.o(i.HAL_GPIO_EXTI_Callback)
    HAL_GPIO_EXTI_IRQHandler                 0x08000add   Thumb Code    18  stm32f4xx_hal_gpio.o(i.HAL_GPIO_EXTI_IRQHandler)
    HAL_GPIO_Init                            0x08000af5   Thumb Code   394  stm32f4xx_hal_gpio.o(i.HAL_GPIO_Init)
    HAL_GPIO_ReadPin                         0x08000cad   Thumb Code    10  stm32f4xx_hal_gpio.o(i.HAL_GPIO_ReadPin)
    HAL_GPIO_TogglePin                       0x08000cb7   Thumb Code    14  stm32f4xx_hal_gpio.o(i.HAL_GPIO_TogglePin)
    HAL_GPIO_WritePin                        0x08000cc5   Thumb Code    10  stm32f4xx_hal_gpio.o(i.HAL_GPIO_WritePin)
    HAL_GetTick                              0x08000cd1   Thumb Code     6  stm32f4xx_hal.o(i.HAL_GetTick)
    HAL_I2C_Init                             0x08000cdd   Thumb Code   376  stm32f4xx_hal_i2c.o(i.HAL_I2C_Init)
    HAL_I2C_Mem_Read                         0x08000e65   Thumb Code   490  stm32f4xx_hal_i2c.o(i.HAL_I2C_Mem_Read)
    HAL_I2C_Mem_Write                        0x0800105d   Thumb Code   294  stm32f4xx_hal_i2c.o(i.HAL_I2C_Mem_Write)
    HAL_I2C_MspInit                          0x0800118d   Thumb Code    94  i2c.o(i.HAL_I2C_MspInit)
    HAL_IncTick                              0x080011f9   Thumb Code    12  stm32f4xx_hal.o(i.HAL_IncTick)
    HAL_Init                                 0x08001209   Thumb Code    48  stm32f4xx_hal.o(i.HAL_Init)
    HAL_InitTick                             0x0800123d   Thumb Code    54  stm32f4xx_hal.o(i.HAL_InitTick)
    HAL_MspInit                              0x0800127d   Thumb Code    48  stm32f4xx_hal_msp.o(i.HAL_MspInit)
    HAL_NVIC_EnableIRQ                       0x080012b1   Thumb Code    26  stm32f4xx_hal_cortex.o(i.HAL_NVIC_EnableIRQ)
    HAL_NVIC_SetPriority                     0x080012cd   Thumb Code    60  stm32f4xx_hal_cortex.o(i.HAL_NVIC_SetPriority)
    HAL_NVIC_SetPriorityGrouping             0x0800130d   Thumb Code    26  stm32f4xx_hal_cortex.o(i.HAL_NVIC_SetPriorityGrouping)
    HAL_NVIC_SystemReset                     0x08001331   Thumb Code    26  stm32f4xx_hal_cortex.o(i.HAL_NVIC_SystemReset)
    HAL_RCC_ClockConfig                      0x08001355   Thumb Code   288  stm32f4xx_hal_rcc.o(i.HAL_RCC_ClockConfig)
    HAL_RCC_GetPCLK1Freq                     0x08001489   Thumb Code    20  stm32f4xx_hal_rcc.o(i.HAL_RCC_GetPCLK1Freq)
    HAL_RCC_GetPCLK2Freq                     0x080014a9   Thumb Code    20  stm32f4xx_hal_rcc.o(i.HAL_RCC_GetPCLK2Freq)
    HAL_RCC_GetSysClockFreq                  0x080014c9   Thumb Code    88  stm32f4xx_hal_rcc.o(i.HAL_RCC_GetSysClockFreq)
    HAL_RCC_OscConfig                        0x08001529   Thumb Code   840  stm32f4xx_hal_rcc.o(i.HAL_RCC_OscConfig)
    HAL_SRAM_Init                            0x08001885   Thumb Code    86  stm32f4xx_hal_sram.o(i.HAL_SRAM_Init)
    HAL_SRAM_MspInit                         0x080018db   Thumb Code     4  fsmc.o(i.HAL_SRAM_MspInit)
    HAL_SYSTICK_Config                       0x080018df   Thumb Code    40  stm32f4xx_hal_cortex.o(i.HAL_SYSTICK_Config)
    HAL_TIMEx_BreakCallback                  0x08001907   Thumb Code     2  stm32f4xx_hal_tim_ex.o(i.HAL_TIMEx_BreakCallback)
    HAL_TIMEx_CommutCallback                 0x08001909   Thumb Code     2  stm32f4xx_hal_tim_ex.o(i.HAL_TIMEx_CommutCallback)
    HAL_TIMEx_MasterConfigSynchronization    0x0800190d   Thumb Code   116  stm32f4xx_hal_tim_ex.o(i.HAL_TIMEx_MasterConfigSynchronization)
    HAL_TIM_Base_Init                        0x0800199d   Thumb Code    54  stm32f4xx_hal_tim.o(i.HAL_TIM_Base_Init)
    HAL_TIM_Base_MspInit                     0x080019d5   Thumb Code   204  tim.o(i.HAL_TIM_Base_MspInit)
    HAL_TIM_Base_Start_IT                    0x08001ab5   Thumb Code    34  stm32f4xx_hal_tim.o(i.HAL_TIM_Base_Start_IT)
    HAL_TIM_Base_Stop_IT                     0x08001ad7   Thumb Code    42  stm32f4xx_hal_tim.o(i.HAL_TIM_Base_Stop_IT)
    HAL_TIM_ConfigClockSource                0x08001b01   Thumb Code   214  stm32f4xx_hal_tim.o(i.HAL_TIM_ConfigClockSource)
    HAL_TIM_IC_CaptureCallback               0x08001bd9   Thumb Code    52  color.o(i.HAL_TIM_IC_CaptureCallback)
    HAL_TIM_IC_ConfigChannel                 0x08001c15   Thumb Code   286  stm32f4xx_hal_tim.o(i.HAL_TIM_IC_ConfigChannel)
    HAL_TIM_IC_Init                          0x08001d33   Thumb Code    54  stm32f4xx_hal_tim.o(i.HAL_TIM_IC_Init)
    HAL_TIM_IC_MspInit                       0x08001d69   Thumb Code     2  stm32f4xx_hal_tim.o(i.HAL_TIM_IC_MspInit)
    HAL_TIM_IC_Start_IT                      0x08001d6b   Thumb Code    86  stm32f4xx_hal_tim.o(i.HAL_TIM_IC_Start_IT)
    HAL_TIM_IC_Stop_IT                       0x08001dc1   Thumb Code    94  stm32f4xx_hal_tim.o(i.HAL_TIM_IC_Stop_IT)
    HAL_TIM_IRQHandler                       0x08001e1f   Thumb Code   358  stm32f4xx_hal_tim.o(i.HAL_TIM_IRQHandler)
    HAL_TIM_MspPostInit                      0x08001f85   Thumb Code    70  tim.o(i.HAL_TIM_MspPostInit)
    HAL_TIM_OC_DelayElapsedCallback          0x08001fd5   Thumb Code     2  stm32f4xx_hal_tim.o(i.HAL_TIM_OC_DelayElapsedCallback)
    HAL_TIM_PWM_ConfigChannel                0x08001fd7   Thumb Code   208  stm32f4xx_hal_tim.o(i.HAL_TIM_PWM_ConfigChannel)
    HAL_TIM_PWM_Init                         0x080020a7   Thumb Code    54  stm32f4xx_hal_tim.o(i.HAL_TIM_PWM_Init)
    HAL_TIM_PWM_MspInit                      0x080020dd   Thumb Code     2  stm32f4xx_hal_tim.o(i.HAL_TIM_PWM_MspInit)
    HAL_TIM_PWM_PulseFinishedCallback        0x080020df   Thumb Code     2  stm32f4xx_hal_tim.o(i.HAL_TIM_PWM_PulseFinishedCallback)
    HAL_TIM_PeriodElapsedCallback            0x080020e1   Thumb Code    94  tim.o(i.HAL_TIM_PeriodElapsedCallback)
    HAL_TIM_TriggerCallback                  0x08002155   Thumb Code     2  stm32f4xx_hal_tim.o(i.HAL_TIM_TriggerCallback)
    HAL_UART_Init                            0x08002157   Thumb Code    98  stm32f4xx_hal_uart.o(i.HAL_UART_Init)
    HAL_UART_MspInit                         0x080021b9   Thumb Code   196  usart.o(i.HAL_UART_MspInit)
    HardFault_Handler                        0x08002291   Thumb Code     2  stm32f4xx_it.o(i.HardFault_Handler)
    Hold_Servo                               0x08002295   Thumb Code    46  move.o(i.Hold_Servo)
    LCD_Clear                                0x08002699   Thumb Code    20  lcd.o(i.LCD_Clear)
    LCD_ClearWindow                          0x080026ad   Thumb Code    38  lcd.o(i.LCD_ClearWindow)
    LCD_Init                                 0x080026d5   Thumb Code   360  lcd.o(i.LCD_Init)
    LCD_SetWindow                            0x08002845   Thumb Code    62  lcd.o(i.LCD_SetWindow)
    LCD_ShowChar                             0x08002885   Thumb Code   150  lcd.o(i.LCD_ShowChar)
    LCD_ShowString                           0x08002929   Thumb Code    84  lcd.o(i.LCD_ShowString)
    MX_DMA_Init                              0x0800297d   Thumb Code    56  dma.o(i.MX_DMA_Init)
    MX_FSMC_Init                             0x080029b9   Thumb Code   102  fsmc.o(i.MX_FSMC_Init)
    MX_GPIO_Init                             0x08002a29   Thumb Code   362  gpio.o(i.MX_GPIO_Init)
    MX_I2C1_Init                             0x08002bb1   Thumb Code    50  i2c.o(i.MX_I2C1_Init)
    MX_TIM10_Init                            0x08002bf1   Thumb Code    48  tim.o(i.MX_TIM10_Init)
    MX_TIM11_Init                            0x08002c29   Thumb Code    48  tim.o(i.MX_TIM11_Init)
    MX_TIM2_Init                             0x08002c61   Thumb Code   182  tim.o(i.MX_TIM2_Init)
    MX_TIM3_Init                             0x08002d1d   Thumb Code   144  tim.o(i.MX_TIM3_Init)
    MX_USART1_UART_Init                      0x08002db5   Thumb Code    48  usart.o(i.MX_USART1_UART_Init)
    MemManage_Handler                        0x08002ded   Thumb Code     2  stm32f4xx_it.o(i.MemManage_Handler)
    Move                                     0x08002df1   Thumb Code   172  move.o(i.Move)
    NMI_Handler                              0x08002ea5   Thumb Code     2  stm32f4xx_it.o(i.NMI_Handler)
    PendSV_Handler                           0x08002ea7   Thumb Code     2  stm32f4xx_it.o(i.PendSV_Handler)
    Roll                                     0x08002ea9   Thumb Code    50  move.o(i.Roll)
    Roll_Servo                               0x08002ee1   Thumb Code    32  move.o(i.Roll_Servo)
    SVC_Handler                              0x08002f05   Thumb Code     2  stm32f4xx_it.o(i.SVC_Handler)
    Sensor_Servo                             0x08002f09   Thumb Code    68  move.o(i.Sensor_Servo)
    Side_Down                                0x08002f55   Thumb Code   102  move.o(i.Side_Down)
    Side_Turn                                0x08002fc9   Thumb Code    42  move.o(i.Side_Turn)
    Step                                     0x08002ff5   Thumb Code    70  move.o(i.Step)
    Step_Init                                0x08003041   Thumb Code   124  move.o(i.Step_Init)
    SysTick_Handler                          0x080030c9   Thumb Code     4  stm32f4xx_it.o(i.SysTick_Handler)
    SystemClock_Config                       0x080030cd   Thumb Code   124  main.o(i.SystemClock_Config)
    SystemInit                               0x08003151   Thumb Code    22  system_stm32f4xx.o(i.SystemInit)
    TIM1_TRG_COM_TIM11_IRQHandler            0x0800316d   Thumb Code     6  stm32f4xx_it.o(i.TIM1_TRG_COM_TIM11_IRQHandler)
    TIM1_UP_TIM10_IRQHandler                 0x08003179   Thumb Code     6  stm32f4xx_it.o(i.TIM1_UP_TIM10_IRQHandler)
    TIM3_IRQHandler                          0x08003185   Thumb Code     6  stm32f4xx_it.o(i.TIM3_IRQHandler)
    TIM_Base_SetConfig                       0x08003191   Thumb Code   156  stm32f4xx_hal_tim.o(i.TIM_Base_SetConfig)
    TIM_CCxChannelCmd                        0x08003259   Thumb Code    26  stm32f4xx_hal_tim.o(i.TIM_CCxChannelCmd)
    TIM_ETR_SetConfig                        0x08003273   Thumb Code    20  stm32f4xx_hal_tim.o(i.TIM_ETR_SetConfig)
    TIM_OC2_SetConfig                        0x080032f9   Thumb Code    98  stm32f4xx_hal_tim.o(i.TIM_OC2_SetConfig)
    TIM_TI1_SetConfig                        0x08003441   Thumb Code   100  stm32f4xx_hal_tim.o(i.TIM_TI1_SetConfig)
    TS_Adjust                                0x0800351d   Thumb Code   280  lcd.o(i.TS_Adjust)
    TS_GetXY                                 0x08003645   Thumb Code    24  lcd.o(i.TS_GetXY)
    TS_Getadjdata                            0x0800365d   Thumb Code   104  lcd.o(i.TS_Getadjdata)
    TS_Init                                  0x080036cd   Thumb Code    20  lcd.o(i.TS_Init)
    TS_Memread                               0x080036e1   Thumb Code    86  lcd.o(i.TS_Memread)
    TS_Memwrite                              0x0800373d   Thumb Code    72  lcd.o(i.TS_Memwrite)
    TS_ReadXY                                0x08003789   Thumb Code    96  lcd.o(i.TS_ReadXY)
    TS_Readval                               0x080037e9   Thumb Code   242  lcd.o(i.TS_Readval)
    TS_Saveadjdata                           0x080038e9   Thumb Code    98  lcd.o(i.TS_Saveadjdata)
    TS_Scan                                  0x08003955   Thumb Code   136  lcd.o(i.TS_Scan)
    UsageFault_Handler                       0x08003b15   Thumb Code     2  stm32f4xx_it.o(i.UsageFault_Handler)
    __0printf$6                              0x08003b19   Thumb Code    22  printf6.o(i.__0printf$6)
    __1printf$6                              0x08003b19   Thumb Code     0  printf6.o(i.__0printf$6)
    __2printf                                0x08003b19   Thumb Code     0  printf6.o(i.__0printf$6)
    __scatterload_copy                       0x08003b59   Thumb Code    14  handlers.o(i.__scatterload_copy)
    __scatterload_null                       0x08003b67   Thumb Code     2  handlers.o(i.__scatterload_null)
    __scatterload_zeroinit                   0x08003b69   Thumb Code    14  handlers.o(i.__scatterload_zeroinit)
    cycle                                    0x08003ebd   Thumb Code    68  solver.o(i.cycle)
    delay_ms                                 0x08003f05   Thumb Code    26  delay.o(i.delay_ms)
    delay_us                                 0x08003f1f   Thumb Code    46  delay.o(i.delay_us)
    display_1piece                           0x08003f4d   Thumb Code    78  display.o(i.display_1piece)
    display_1side                            0x08003f9b   Thumb Code    74  display.o(i.display_1side)
    display_col                              0x08003fe5   Thumb Code    52  display.o(i.display_col)
    domove                                   0x08004019   Thumb Code    96  solver.o(i.domove)
    filltable                                0x08004081   Thumb Code   166  solver.o(i.filltable)
    fputc                                    0x08004131   Thumb Code    14  myprintf.o(i.fputc)
    getposition                              0x08004145   Thumb Code   322  solver.o(i.getposition)
    main                                     0x0800428d   Thumb Code   218  main.o(i.main)
    malloc                                   0x0800438d   Thumb Code    92  malloc.o(i.malloc)
    numtoperm                                0x080043f9   Thumb Code    60  solver.o(i.numtoperm)
    permtonum                                0x08004435   Thumb Code    42  solver.o(i.permtonum)
    reset                                    0x08004461   Thumb Code    22  solver.o(i.reset)
    scan_1color                              0x0800447d   Thumb Code    88  color.o(i.scan_1color)
    scan_1piece                              0x080044e1   Thumb Code   162  color.o(i.scan_1piece)
    scan_1side                               0x0800459d   Thumb Code   258  color.o(i.scan_1side)
    scan_color                               0x080046b5   Thumb Code   220  color.o(i.scan_color)
    searchphase                              0x08004795   Thumb Code   150  solver.o(i.searchphase)
    setposition                              0x08004835   Thumb Code   272  solver.o(i.setposition)
    solve                                    0x08004965   Thumb Code   254  solver.o(i.solve)
    twist                                    0x08004a7d   Thumb Code    30  solver.o(i.twist)
    AHBPrescTable                            0x0800df18   Data          16  system_stm32f4xx.o(.constdata)
    APBPrescTable                            0x0800df28   Data           8  system_stm32f4xx.o(.constdata)
    Region$$Table$$Base                      0x0800df9c   Number         0  anon$$obj.o(Region$$Table)
    Region$$Table$$Limit                     0x0800dfbc   Number         0  anon$$obj.o(Region$$Table)
    scancol                                  0x20000002   Data           2  color.o(.data)
    direction                                0x20000004   Data           6  color.o(.data)
    TEMP                                     0x2000000c   Data           1  solver.o(.data)
    faces                                    0x20000010   Data           4  solver.o(.data)
    order                                    0x20000014   Data           4  solver.o(.data)
    bithash                                  0x20000018   Data           4  solver.o(.data)
    perm                                     0x2000001c   Data           4  solver.o(.data)
    phase                                    0x20000020   Data           4  solver.o(.data)
    tablesize                                0x20000024   Data          32  solver.o(.data)
    TS_STA                                   0x20000044   Data           1  lcd.o(.data)
    BACK_COLOR                               0x20000046   Data           2  lcd.o(.data)
    POINT_COLOR                              0x20000048   Data           2  lcd.o(.data)
    POINT_X                                  0x2000004a   Data           2  lcd.o(.data)
    POINT_Y                                  0x2000004c   Data           2  lcd.o(.data)
    xoff                                     0x2000004e   Data           2  lcd.o(.data)
    yoff                                     0x20000050   Data           2  lcd.o(.data)
    xfac                                     0x20000054   Data           4  lcd.o(.data)
    yfac                                     0x20000058   Data           4  lcd.o(.data)
    dir                                      0x2000005c   Data           6  move.o(.data)
    cube                                     0x20000062   Data          54  main.o(.data)
    uwTickFreq                               0x200000a4   Data           1  stm32f4xx_hal.o(.data)
    uwTickPrio                               0x200000a8   Data           4  stm32f4xx_hal.o(.data)
    uwTick                                   0x200000ac   Data           4  stm32f4xx_hal.o(.data)
    SystemCoreClock                          0x200000b0   Data           4  system_stm32f4xx.o(.data)
    __stdout                                 0x200000b4   Data           4  stdout.o(.data)
    __microlib_freelist                      0x200000b8   Data           4  mvars.o(.data)
    __microlib_freelist_initialised          0x200000bc   Data           4  mvars.o(.data)
    pos                                      0x200000c0   Data          20  solver.o(.bss)
    ori                                      0x200000d4   Data          20  solver.o(.bss)
    val                                      0x200000e8   Data          20  solver.o(.bss)
    tables                                   0x200000fc   Data          32  solver.o(.bss)
    move1                                    0x2000011c   Data          80  solver.o(.bss)
    moveamount                               0x2000016c   Data          80  solver.o(.bss)
    col                                      0x200001bc   Data          60  main.o(.bss)
    res                                      0x200001f8   Data          70  main.o(.bss)
    hsram4                                   0x20000240   Data          80  fsmc.o(.bss)
    hi2c1                                    0x20000290   Data          84  i2c.o(.bss)
    htim2                                    0x200002e4   Data          64  tim.o(.bss)
    htim3                                    0x20000324   Data          64  tim.o(.bss)
    htim10                                   0x20000364   Data          64  tim.o(.bss)
    htim11                                   0x200003a4   Data          64  tim.o(.bss)
    huart1                                   0x200003e4   Data          64  usart.o(.bss)
    hdma_usart1_rx                           0x20000424   Data          96  usart.o(.bss)
    hdma_usart1_tx                           0x20000484   Data          96  usart.o(.bss)
    __heap_base                              0x200004e8   Data           0  startup_stm32f407xx.o(HEAP)
    __heap_limit                             0x200086e8   Data           0  startup_stm32f407xx.o(HEAP)
    __initial_sp                             0x20008ae8   Data           0  startup_stm32f407xx.o(STACK)



==============================================================================

Memory Map of the image

  Image Entry point : 0x08000189

  Load Region LR_IROM1 (Base: 0x08000000, Size: 0x0000e07c, Max: 0x00100000, ABSOLUTE)

    Execution Region ER_IROM1 (Base: 0x08000000, Size: 0x0000dfbc, Max: 0x00100000, ABSOLUTE)

    Base Addr    Size         Type   Attr      Idx    E Section Name        Object

    0x08000000   0x00000188   Data   RO            3    RESET               startup_stm32f407xx.o
    0x08000188   0x00000000   Code   RO         4181  * .ARM.Collect$$$$00000000  mc_w.l(entry.o)
    0x08000188   0x00000004   Code   RO         4479    .ARM.Collect$$$$00000001  mc_w.l(entry2.o)
    0x0800018c   0x00000004   Code   RO         4482    .ARM.Collect$$$$00000004  mc_w.l(entry5.o)
    0x08000190   0x00000000   Code   RO         4484    .ARM.Collect$$$$00000008  mc_w.l(entry7b.o)
    0x08000190   0x00000000   Code   RO         4486    .ARM.Collect$$$$0000000A  mc_w.l(entry8b.o)
    0x08000190   0x00000008   Code   RO         4487    .ARM.Collect$$$$0000000B  mc_w.l(entry9a.o)
    0x08000198   0x00000000   Code   RO         4489    .ARM.Collect$$$$0000000D  mc_w.l(entry10a.o)
    0x08000198   0x00000000   Code   RO         4491    .ARM.Collect$$$$0000000F  mc_w.l(entry11a.o)
    0x08000198   0x00000004   Code   RO         4480    .ARM.Collect$$$$00002712  mc_w.l(entry2.o)
    0x0800019c   0x00000024   Code   RO            4    .text               startup_stm32f407xx.o
    0x080001c0   0x00000062   Code   RO         4184    .text               mc_w.l(uldiv.o)
    0x08000222   0x00000024   Code   RO         4186    .text               mc_w.l(memseta.o)
    0x08000246   0x00000014   Code   RO         4188    .text               mc_w.l(strchr.o)
    0x0800025a   0x0000002c   Code   RO         4494    .text               mc_w.l(uidiv.o)
    0x08000286   0x0000001e   Code   RO         4496    .text               mc_w.l(llshl.o)
    0x080002a4   0x00000020   Code   RO         4498    .text               mc_w.l(llushr.o)
    0x080002c4   0x00000024   Code   RO         4517    .text               mc_w.l(init.o)
    0x080002e8   0x00000002   Code   RO          933    i.BusFault_Handler  stm32f4xx_it.o
    0x080002ea   0x00000002   PAD
    0x080002ec   0x00000070   Code   RO          577    i.Button_Display    display.o
    0x0800035c   0x0000001e   Code   RO          578    i.Cube_Display      display.o
    0x0800037a   0x00000002   PAD
    0x0800037c   0x0000003c   Code   RO          463    i.Cube_Restore      move.o
    0x080003b8   0x0000000c   Code   RO          934    i.DMA2_Stream2_IRQHandler  stm32f4xx_it.o
    0x080003c4   0x0000000c   Code   RO          935    i.DMA2_Stream7_IRQHandler  stm32f4xx_it.o
    0x080003d0   0x00000028   Code   RO         1654    i.DMA_CalcBaseAndBitshift  stm32f4xx_hal_dma.o
    0x080003f8   0x00000054   Code   RO         1655    i.DMA_CheckFifoParam  stm32f4xx_hal_dma.o
    0x0800044c   0x00000002   Code   RO          936    i.DebugMon_Handler  stm32f4xx_it.o
    0x0800044e   0x00000006   Code   RO          937    i.EXTI4_IRQHandler  stm32f4xx_it.o
    0x08000454   0x00000002   Code   RO          620    i.Error_Handler     main.o
    0x08000456   0x00000002   PAD
    0x08000458   0x00000040   Code   RO         1077    i.FSMC_NORSRAM_Extended_Timing_Init  stm32f4xx_ll_fsmc.o
    0x08000498   0x00000054   Code   RO         1078    i.FSMC_NORSRAM_Init  stm32f4xx_ll_fsmc.o
    0x080004ec   0x00000044   Code   RO         1079    i.FSMC_NORSRAM_Timing_Init  stm32f4xx_ll_fsmc.o
    0x08000530   0x00000018   Code   RO          464    i.Get_HS_Sta        move.o
    0x08000548   0x00000250   Code   RO           14    i.Getcolor          color.o
    0x08000798   0x000001a0   Code   RO         1662    i.HAL_DMA_IRQHandler  stm32f4xx_hal_dma.o
    0x08000938   0x000000d4   Code   RO         1663    i.HAL_DMA_Init      stm32f4xx_hal_dma.o
    0x08000a0c   0x00000024   Code   RO         2076    i.HAL_Delay         stm32f4xx_hal.o
    0x08000a30   0x000000a8   Code   RO          728    i.HAL_FSMC_MspInit  fsmc.o
    0x08000ad8   0x00000002   Code   RO         1548    i.HAL_GPIO_EXTI_Callback  stm32f4xx_hal_gpio.o
    0x08000ada   0x00000002   PAD
    0x08000adc   0x00000018   Code   RO         1549    i.HAL_GPIO_EXTI_IRQHandler  stm32f4xx_hal_gpio.o
    0x08000af4   0x000001b8   Code   RO         1550    i.HAL_GPIO_Init     stm32f4xx_hal_gpio.o
    0x08000cac   0x0000000a   Code   RO         1552    i.HAL_GPIO_ReadPin  stm32f4xx_hal_gpio.o
    0x08000cb6   0x0000000e   Code   RO         1553    i.HAL_GPIO_TogglePin  stm32f4xx_hal_gpio.o
    0x08000cc4   0x0000000a   Code   RO         1554    i.HAL_GPIO_WritePin  stm32f4xx_hal_gpio.o
    0x08000cce   0x00000002   PAD
    0x08000cd0   0x0000000c   Code   RO         2082    i.HAL_GetTick       stm32f4xx_hal.o
    0x08000cdc   0x00000188   Code   RO         2458    i.HAL_I2C_Init      stm32f4xx_hal_i2c.o
    0x08000e64   0x000001f8   Code   RO         2476    i.HAL_I2C_Mem_Read  stm32f4xx_hal_i2c.o
    0x0800105c   0x00000130   Code   RO         2479    i.HAL_I2C_Mem_Write  stm32f4xx_hal_i2c.o
    0x0800118c   0x0000006c   Code   RO          777    i.HAL_I2C_MspInit   i2c.o
    0x080011f8   0x00000010   Code   RO         2088    i.HAL_IncTick       stm32f4xx_hal.o
    0x08001208   0x00000034   Code   RO         2089    i.HAL_Init          stm32f4xx_hal.o
    0x0800123c   0x00000040   Code   RO         2090    i.HAL_InitTick      stm32f4xx_hal.o
    0x0800127c   0x00000034   Code   RO         1045    i.HAL_MspInit       stm32f4xx_hal_msp.o
    0x080012b0   0x0000001a   Code   RO         1939    i.HAL_NVIC_EnableIRQ  stm32f4xx_hal_cortex.o
    0x080012ca   0x00000002   PAD
    0x080012cc   0x00000040   Code   RO         1945    i.HAL_NVIC_SetPriority  stm32f4xx_hal_cortex.o
    0x0800130c   0x00000024   Code   RO         1946    i.HAL_NVIC_SetPriorityGrouping  stm32f4xx_hal_cortex.o
    0x08001330   0x00000024   Code   RO         1947    i.HAL_NVIC_SystemReset  stm32f4xx_hal_cortex.o
    0x08001354   0x00000134   Code   RO         1196    i.HAL_RCC_ClockConfig  stm32f4xx_hal_rcc.o
    0x08001488   0x00000020   Code   RO         1203    i.HAL_RCC_GetPCLK1Freq  stm32f4xx_hal_rcc.o
    0x080014a8   0x00000020   Code   RO         1204    i.HAL_RCC_GetPCLK2Freq  stm32f4xx_hal_rcc.o
    0x080014c8   0x00000060   Code   RO         1205    i.HAL_RCC_GetSysClockFreq  stm32f4xx_hal_rcc.o
    0x08001528   0x0000035c   Code   RO         1208    i.HAL_RCC_OscConfig  stm32f4xx_hal_rcc.o
    0x08001884   0x00000056   Code   RO         2331    i.HAL_SRAM_Init     stm32f4xx_hal_sram.o
    0x080018da   0x00000004   Code   RO          730    i.HAL_SRAM_MspInit  fsmc.o
    0x080018de   0x00000028   Code   RO         1950    i.HAL_SYSTICK_Config  stm32f4xx_hal_cortex.o
    0x08001906   0x00000002   Code   RO         3569    i.HAL_TIMEx_BreakCallback  stm32f4xx_hal_tim_ex.o
    0x08001908   0x00000002   Code   RO         3570    i.HAL_TIMEx_CommutCallback  stm32f4xx_hal_tim_ex.o
    0x0800190a   0x00000002   PAD
    0x0800190c   0x00000090   Code   RO         3587    i.HAL_TIMEx_MasterConfigSynchronization  stm32f4xx_hal_tim_ex.o
    0x0800199c   0x00000036   Code   RO         2894    i.HAL_TIM_Base_Init  stm32f4xx_hal_tim.o
    0x080019d2   0x00000002   PAD
    0x080019d4   0x000000e0   Code   RO          819    i.HAL_TIM_Base_MspInit  tim.o
    0x08001ab4   0x00000022   Code   RO         2899    i.HAL_TIM_Base_Start_IT  stm32f4xx_hal_tim.o
    0x08001ad6   0x0000002a   Code   RO         2902    i.HAL_TIM_Base_Stop_IT  stm32f4xx_hal_tim.o
    0x08001b00   0x000000d6   Code   RO         2903    i.HAL_TIM_ConfigClockSource  stm32f4xx_hal_tim.o
    0x08001bd6   0x00000002   PAD
    0x08001bd8   0x0000003c   Code   RO           15    i.HAL_TIM_IC_CaptureCallback  color.o
    0x08001c14   0x0000011e   Code   RO         2925    i.HAL_TIM_IC_ConfigChannel  stm32f4xx_hal_tim.o
    0x08001d32   0x00000036   Code   RO         2928    i.HAL_TIM_IC_Init   stm32f4xx_hal_tim.o
    0x08001d68   0x00000002   Code   RO         2930    i.HAL_TIM_IC_MspInit  stm32f4xx_hal_tim.o
    0x08001d6a   0x00000056   Code   RO         2933    i.HAL_TIM_IC_Start_IT  stm32f4xx_hal_tim.o
    0x08001dc0   0x0000005e   Code   RO         2936    i.HAL_TIM_IC_Stop_IT  stm32f4xx_hal_tim.o
    0x08001e1e   0x00000166   Code   RO         2937    i.HAL_TIM_IRQHandler  stm32f4xx_hal_tim.o
    0x08001f84   0x00000050   Code   RO          820    i.HAL_TIM_MspPostInit  tim.o
    0x08001fd4   0x00000002   Code   RO         2940    i.HAL_TIM_OC_DelayElapsedCallback  stm32f4xx_hal_tim.o
    0x08001fd6   0x000000d0   Code   RO         2961    i.HAL_TIM_PWM_ConfigChannel  stm32f4xx_hal_tim.o
    0x080020a6   0x00000036   Code   RO         2964    i.HAL_TIM_PWM_Init  stm32f4xx_hal_tim.o
    0x080020dc   0x00000002   Code   RO         2966    i.HAL_TIM_PWM_MspInit  stm32f4xx_hal_tim.o
    0x080020de   0x00000002   Code   RO         2967    i.HAL_TIM_PWM_PulseFinishedCallback  stm32f4xx_hal_tim.o
    0x080020e0   0x00000074   Code   RO          821    i.HAL_TIM_PeriodElapsedCallback  tim.o
    0x08002154   0x00000002   Code   RO         2980    i.HAL_TIM_TriggerCallback  stm32f4xx_hal_tim.o
    0x08002156   0x00000062   Code   RO         3845    i.HAL_UART_Init     stm32f4xx_hal_uart.o
    0x080021b8   0x000000d8   Code   RO          892    i.HAL_UART_MspInit  usart.o
    0x08002290   0x00000002   Code   RO          938    i.HardFault_Handler  stm32f4xx_it.o
    0x08002292   0x00000002   PAD
    0x08002294   0x00000034   Code   RO          465    i.Hold_Servo        move.o
    0x080022c8   0x0000002e   Code   RO         2500    i.I2C_IsAcknowledgeFailed  stm32f4xx_hal_i2c.o
    0x080022f6   0x00000002   PAD
    0x080022f8   0x000000fc   Code   RO         2510    i.I2C_RequestMemoryRead  stm32f4xx_hal_i2c.o
    0x080023f4   0x000000a8   Code   RO         2511    i.I2C_RequestMemoryWrite  stm32f4xx_hal_i2c.o
    0x0800249c   0x0000004c   Code   RO         2514    i.I2C_WaitOnBTFFlagUntilTimeout  stm32f4xx_hal_i2c.o
    0x080024e8   0x00000068   Code   RO         2515    i.I2C_WaitOnFlagUntilTimeout  stm32f4xx_hal_i2c.o
    0x08002550   0x00000096   Code   RO         2516    i.I2C_WaitOnMasterAddressFlagUntilTimeout  stm32f4xx_hal_i2c.o
    0x080025e6   0x00000066   Code   RO         2517    i.I2C_WaitOnRXNEFlagUntilTimeout  stm32f4xx_hal_i2c.o
    0x0800264c   0x0000004c   Code   RO         2518    i.I2C_WaitOnTXEFlagUntilTimeout  stm32f4xx_hal_i2c.o
    0x08002698   0x00000014   Code   RO          332    i.LCD_Clear         lcd.o
    0x080026ac   0x00000026   Code   RO          333    i.LCD_ClearWindow   lcd.o
    0x080026d2   0x00000002   PAD
    0x080026d4   0x00000170   Code   RO          334    i.LCD_Init          lcd.o
    0x08002844   0x0000003e   Code   RO          336    i.LCD_SetWindow     lcd.o
    0x08002882   0x00000002   PAD
    0x08002884   0x000000a4   Code   RO          337    i.LCD_ShowChar      lcd.o
    0x08002928   0x00000054   Code   RO          338    i.LCD_ShowString    lcd.o
    0x0800297c   0x0000003c   Code   RO          704    i.MX_DMA_Init       dma.o
    0x080029b8   0x00000070   Code   RO          731    i.MX_FSMC_Init      fsmc.o
    0x08002a28   0x00000188   Code   RO          680    i.MX_GPIO_Init      gpio.o
    0x08002bb0   0x00000040   Code   RO          778    i.MX_I2C1_Init      i2c.o
    0x08002bf0   0x00000038   Code   RO          822    i.MX_TIM10_Init     tim.o
    0x08002c28   0x00000038   Code   RO          823    i.MX_TIM11_Init     tim.o
    0x08002c60   0x000000bc   Code   RO          824    i.MX_TIM2_Init      tim.o
    0x08002d1c   0x00000098   Code   RO          825    i.MX_TIM3_Init      tim.o
    0x08002db4   0x00000038   Code   RO          893    i.MX_USART1_UART_Init  usart.o
    0x08002dec   0x00000002   Code   RO          939    i.MemManage_Handler  stm32f4xx_it.o
    0x08002dee   0x00000002   PAD
    0x08002df0   0x000000b4   Code   RO          466    i.Move              move.o
    0x08002ea4   0x00000002   Code   RO          940    i.NMI_Handler       stm32f4xx_it.o
    0x08002ea6   0x00000002   Code   RO          941    i.PendSV_Handler    stm32f4xx_it.o
    0x08002ea8   0x00000038   Code   RO          467    i.Roll              move.o
    0x08002ee0   0x00000024   Code   RO          468    i.Roll_Servo        move.o
    0x08002f04   0x00000002   Code   RO          942    i.SVC_Handler       stm32f4xx_it.o
    0x08002f06   0x00000002   PAD
    0x08002f08   0x0000004c   Code   RO          469    i.Sensor_Servo      move.o
    0x08002f54   0x00000074   Code   RO          470    i.Side_Down         move.o
    0x08002fc8   0x0000002a   Code   RO          471    i.Side_Turn         move.o
    0x08002ff2   0x00000002   PAD
    0x08002ff4   0x0000004c   Code   RO          472    i.Step              move.o
    0x08003040   0x00000088   Code   RO          473    i.Step_Init         move.o
    0x080030c8   0x00000004   Code   RO          943    i.SysTick_Handler   stm32f4xx_it.o
    0x080030cc   0x00000084   Code   RO          621    i.SystemClock_Config  main.o
    0x08003150   0x0000001c   Code   RO         4147    i.SystemInit        system_stm32f4xx.o
    0x0800316c   0x0000000c   Code   RO          944    i.TIM1_TRG_COM_TIM11_IRQHandler  stm32f4xx_it.o
    0x08003178   0x0000000c   Code   RO          945    i.TIM1_UP_TIM10_IRQHandler  stm32f4xx_it.o
    0x08003184   0x0000000c   Code   RO          946    i.TIM3_IRQHandler   stm32f4xx_it.o
    0x08003190   0x000000c8   Code   RO         2982    i.TIM_Base_SetConfig  stm32f4xx_hal_tim.o
    0x08003258   0x0000001a   Code   RO         2983    i.TIM_CCxChannelCmd  stm32f4xx_hal_tim.o
    0x08003272   0x00000014   Code   RO         2993    i.TIM_ETR_SetConfig  stm32f4xx_hal_tim.o
    0x08003286   0x00000010   Code   RO         2994    i.TIM_ITRx_SetConfig  stm32f4xx_hal_tim.o
    0x08003296   0x00000002   PAD
    0x08003298   0x00000060   Code   RO         2995    i.TIM_OC1_SetConfig  stm32f4xx_hal_tim.o
    0x080032f8   0x0000006c   Code   RO         2996    i.TIM_OC2_SetConfig  stm32f4xx_hal_tim.o
    0x08003364   0x00000068   Code   RO         2997    i.TIM_OC3_SetConfig  stm32f4xx_hal_tim.o
    0x080033cc   0x00000050   Code   RO         2998    i.TIM_OC4_SetConfig  stm32f4xx_hal_tim.o
    0x0800341c   0x00000022   Code   RO         3000    i.TIM_TI1_ConfigInputStage  stm32f4xx_hal_tim.o
    0x0800343e   0x00000002   PAD
    0x08003440   0x00000080   Code   RO         3001    i.TIM_TI1_SetConfig  stm32f4xx_hal_tim.o
    0x080034c0   0x00000024   Code   RO         3002    i.TIM_TI2_ConfigInputStage  stm32f4xx_hal_tim.o
    0x080034e4   0x00000036   Code   RO         3003    i.TIM_TI2_SetConfig  stm32f4xx_hal_tim.o
    0x0800351a   0x00000002   PAD
    0x0800351c   0x00000128   Code   RO          339    i.TS_Adjust         lcd.o
    0x08003644   0x00000018   Code   RO          340    i.TS_GetXY          lcd.o
    0x0800365c   0x00000070   Code   RO          341    i.TS_Getadjdata     lcd.o
    0x080036cc   0x00000014   Code   RO          342    i.TS_Init           lcd.o
    0x080036e0   0x0000005c   Code   RO          343    i.TS_Memread        lcd.o
    0x0800373c   0x0000004c   Code   RO          344    i.TS_Memwrite       lcd.o
    0x08003788   0x00000060   Code   RO          345    i.TS_ReadXY         lcd.o
    0x080037e8   0x00000100   Code   RO          346    i.TS_Readval        lcd.o
    0x080038e8   0x0000006c   Code   RO          347    i.TS_Saveadjdata    lcd.o
    0x08003954   0x00000098   Code   RO          348    i.TS_Scan           lcd.o
    0x080039ec   0x00000128   Code   RO         3871    i.UART_SetConfig    stm32f4xx_hal_uart.o
    0x08003b14   0x00000002   Code   RO          947    i.UsageFault_Handler  stm32f4xx_it.o
    0x08003b16   0x00000002   PAD
    0x08003b18   0x00000020   Code   RO         4345    i.__0printf$6       mc_w.l(printf6.o)
    0x08003b38   0x00000020   Code   RO         1952    i.__NVIC_SetPriority  stm32f4xx_hal_cortex.o
    0x08003b58   0x0000000e   Code   RO         4525    i.__scatterload_copy  mc_w.l(handlers.o)
    0x08003b66   0x00000002   Code   RO         4526    i.__scatterload_null  mc_w.l(handlers.o)
    0x08003b68   0x0000000e   Code   RO         4527    i.__scatterload_zeroinit  mc_w.l(handlers.o)
    0x08003b76   0x00000002   PAD
    0x08003b78   0x000002f0   Code   RO         4352    i._printf_core      mc_w.l(printf6.o)
    0x08003e68   0x00000024   Code   RO         4353    i._printf_post_padding  mc_w.l(printf6.o)
    0x08003e8c   0x0000002e   Code   RO         4354    i._printf_pre_padding  mc_w.l(printf6.o)
    0x08003eba   0x00000002   PAD
    0x08003ebc   0x00000048   Code   RO          233    i.cycle             solver.o
    0x08003f04   0x0000001a   Code   RO          205    i.delay_ms          delay.o
    0x08003f1e   0x0000002e   Code   RO          206    i.delay_us          delay.o
    0x08003f4c   0x0000004e   Code   RO          579    i.display_1piece    display.o
    0x08003f9a   0x0000004a   Code   RO          580    i.display_1side     display.o
    0x08003fe4   0x00000034   Code   RO          581    i.display_col       display.o
    0x08004018   0x00000068   Code   RO          235    i.domove            solver.o
    0x08004080   0x000000b0   Code   RO          236    i.filltable         solver.o
    0x08004130   0x00000014   Code   RO          550    i.fputc             myprintf.o
    0x08004144   0x00000148   Code   RO          237    i.getposition       solver.o
    0x0800428c   0x00000100   Code   RO          622    i.main              main.o
    0x0800438c   0x0000006c   Code   RO         4452    i.malloc            mc_w.l(malloc.o)
    0x080043f8   0x0000003c   Code   RO          238    i.numtoperm         solver.o
    0x08004434   0x0000002a   Code   RO          239    i.permtonum         solver.o
    0x0800445e   0x00000002   PAD
    0x08004460   0x0000001c   Code   RO          240    i.reset             solver.o
    0x0800447c   0x00000064   Code   RO           16    i.scan_1color       color.o
    0x080044e0   0x000000bc   Code   RO           17    i.scan_1piece       color.o
    0x0800459c   0x00000118   Code   RO           18    i.scan_1side        color.o
    0x080046b4   0x000000e0   Code   RO           19    i.scan_color        color.o
    0x08004794   0x000000a0   Code   RO          241    i.searchphase       solver.o
    0x08004834   0x00000130   Code   RO          242    i.setposition       solver.o
    0x08004964   0x00000118   Code   RO          243    i.solve             solver.o
    0x08004a7c   0x00000024   Code   RO          244    i.twist             solver.o
    0x08004aa0   0x00009470   Data   RO          349    .constdata          lcd.o
    0x0800df10   0x00000008   Data   RO         1669    .constdata          stm32f4xx_hal_dma.o
    0x0800df18   0x00000010   Data   RO         4148    .constdata          system_stm32f4xx.o
    0x0800df28   0x00000008   Data   RO         4149    .constdata          system_stm32f4xx.o
    0x0800df30   0x00000069   Data   RO          246    .conststring        solver.o
    0x0800df99   0x00000003   PAD
    0x0800df9c   0x00000020   Data   RO         4523    Region$$Table       anon$$obj.o


    Execution Region RW_IRAM2 (Base: 0x10000000, Size: 0x00000000, Max: 0x00010000, ABSOLUTE)

    **** No section assigned to this execution region ****


    Execution Region RW_IRAM1 (Base: 0x20000000, Size: 0x00008ae8, Max: 0x00020000, ABSOLUTE)

    Base Addr    Size         Type   Attr      Idx    E Section Name        Object

    0x20000000   0x0000000a   Data   RW           20    .data               color.o
    0x2000000a   0x00000002   PAD
    0x2000000c   0x00000038   Data   RW          247    .data               solver.o
    0x20000044   0x00000018   Data   RW          350    .data               lcd.o
    0x2000005c   0x00000006   Data   RW          474    .data               move.o
    0x20000062   0x00000036   Data   RW          625    .data               main.o
    0x20000098   0x00000008   Data   RW          733    .data               fsmc.o
    0x200000a0   0x00000001   Data   RW          827    .data               tim.o
    0x200000a1   0x00000003   PAD
    0x200000a4   0x0000000c   Data   RW         2096    .data               stm32f4xx_hal.o
    0x200000b0   0x00000004   Data   RW         4150    .data               system_stm32f4xx.o
    0x200000b4   0x00000004   Data   RW         4493    .data               mc_w.l(stdout.o)
    0x200000b8   0x00000004   Data   RW         4504    .data               mc_w.l(mvars.o)
    0x200000bc   0x00000004   Data   RW         4505    .data               mc_w.l(mvars.o)
    0x200000c0   0x000000fc   Zero   RW          245    .bss                solver.o
    0x200001bc   0x00000082   Zero   RW          623    .bss                main.o
    0x2000023e   0x00000002   PAD
    0x20000240   0x00000050   Zero   RW          732    .bss                fsmc.o
    0x20000290   0x00000054   Zero   RW          779    .bss                i2c.o
    0x200002e4   0x00000100   Zero   RW          826    .bss                tim.o
    0x200003e4   0x00000100   Zero   RW          894    .bss                usart.o
    0x200004e4   0x00000004   PAD
    0x200004e8   0x00008200   Zero   RW            2    HEAP                startup_stm32f407xx.o
    0x200086e8   0x00000400   Zero   RW            1    STACK               startup_stm32f407xx.o


==============================================================================

Image component sizes


      Code (inc. data)   RO Data    RW Data    ZI Data      Debug   Object Name

      1444         84          0         10          0     711902   color.o
        72          0          0          0          0       1118   delay.o
       346         44          0          0          0       3043   display.o
        60          4          0          0          0        754   dma.o
       284         34          0          8         80       2159   fsmc.o
       392         30          0          0          0       1147   gpio.o
       172         28          0          0         84       1593   i2c.o
      1968         96      38000         24          0      11115   lcd.o
       390         46          0         54        130       2703   main.o
       854         80          0          6          0       6784   move.o
        20          6          0          0          0        492   myprintf.o
      1590        124        105         56        252       9767   solver.o
        36          8        392          0      34304        832   startup_stm32f407xx.o
       180         28          0         12          0       9301   stm32f4xx_hal.o
       234         24          0          0          0      34174   stm32f4xx_hal_cortex.o
       752         16          8          0          0       3696   stm32f4xx_hal_dma.o
       500         52          0          0          0       4488   stm32f4xx_hal_gpio.o
      2174         52          0          0          0      11010   stm32f4xx_hal_i2c.o
        52          4          0          0          0        830   stm32f4xx_hal_msp.o
      1328         72          0          0          0       4976   stm32f4xx_hal_rcc.o
        86          0          0          0          0       1112   stm32f4xx_hal_sram.o
      2396        108          0          0          0      19677   stm32f4xx_hal_tim.o
       148         28          0          0          0       2381   stm32f4xx_hal_tim_ex.o
       394         10          0          0          0       1960   stm32f4xx_hal_uart.o
        86         30          0          0          0       6826   stm32f4xx_it.o
       216         12          0          0          0       2483   stm32f4xx_ll_fsmc.o
        28          6         24          4          0       1119   system_stm32f4xx.o
       872         82          0          1        256       5095   tim.o
       272         28          0          0        256       1788   usart.o

    ----------------------------------------------------------------------
     17388       1136      38564        180      35368     864325   Object Totals
         0          0         32          0          0          0   (incl. Generated)
        42          0          3          5          6          0   (incl. Padding)

    ----------------------------------------------------------------------

      Code (inc. data)   RO Data    RW Data    ZI Data      Debug   Library Member Name

         0          0          0          0          0          0   entry.o
         0          0          0          0          0          0   entry10a.o
         0          0          0          0          0          0   entry11a.o
         8          4          0          0          0          0   entry2.o
         4          0          0          0          0          0   entry5.o
         0          0          0          0          0          0   entry7b.o
         0          0          0          0          0          0   entry8b.o
         8          4          0          0          0          0   entry9a.o
        30          0          0          0          0          0   handlers.o
        36          8          0          0          0         68   init.o
        30          0          0          0          0         68   llshl.o
        32          0          0          0          0         68   llushr.o
       108         16          0          0          0         84   malloc.o
        36          0          0          0          0        108   memseta.o
         0          0          0          8          0          0   mvars.o
       866         14          0          0          0        352   printf6.o
         0          0          0          4          0          0   stdout.o
        20          0          0          0          0         68   strchr.o
        44          0          0          0          0         80   uidiv.o
        98          0          0          0          0         92   uldiv.o

    ----------------------------------------------------------------------
      1324         46          0         12          0        988   Library Totals
         4          0          0          0          0          0   (incl. Padding)

    ----------------------------------------------------------------------

      Code (inc. data)   RO Data    RW Data    ZI Data      Debug   Library Name

      1320         46          0         12          0        988   mc_w.l

    ----------------------------------------------------------------------
      1324         46          0         12          0        988   Library Totals

    ----------------------------------------------------------------------

==============================================================================


      Code (inc. data)   RO Data    RW Data    ZI Data      Debug   

     18712       1182      38564        192      35368     849601   Grand Totals
     18712       1182      38564        192      35368     849601   ELF Image Totals
     18712       1182      38564        192          0          0   ROM Totals

==============================================================================

    Total RO  Size (Code + RO Data)                57276 (  55.93kB)
    Total RW  Size (RW Data + ZI Data)             35560 (  34.73kB)
    Total ROM Size (Code + RO Data + RW Data)      57468 (  56.12kB)

==============================================================================

